Archive member included to satisfy reference by file (symbol)

c:/st/stm32cubeide_1.6.1/stm32cubeide/plugins/com.st.stm32cube.ide.mcu.externaltools.gnu-tools-for-stm32.9-2020-q2-update.win32_1.5.0.202011040924/tools/bin/../lib/gcc/arm-none-eabi/9.3.1/../../../../arm-none-eabi/lib/thumb/v7e-m+fp/hard\libc_nano.a(lib_a-errno.o)
                              Core/Src/syscalls.o (__errno)
c:/st/stm32cubeide_1.6.1/stm32cubeide/plugins/com.st.stm32cube.ide.mcu.externaltools.gnu-tools-for-stm32.9-2020-q2-update.win32_1.5.0.202011040924/tools/bin/../lib/gcc/arm-none-eabi/9.3.1/../../../../arm-none-eabi/lib/thumb/v7e-m+fp/hard\libc_nano.a(lib_a-exit.o)
                              c:/st/stm32cubeide_1.6.1/stm32cubeide/plugins/com.st.stm32cube.ide.mcu.externaltools.gnu-tools-for-stm32.9-2020-q2-update.win32_1.5.0.202011040924/tools/bin/../lib/gcc/arm-none-eabi/9.3.1/../../../../arm-none-eabi/lib/thumb/v7e-m+fp/hard/crt0.o (exit)
c:/st/stm32cubeide_1.6.1/stm32cubeide/plugins/com.st.stm32cube.ide.mcu.externaltools.gnu-tools-for-stm32.9-2020-q2-update.win32_1.5.0.202011040924/tools/bin/../lib/gcc/arm-none-eabi/9.3.1/../../../../arm-none-eabi/lib/thumb/v7e-m+fp/hard\libc_nano.a(lib_a-impure.o)
                              c:/st/stm32cubeide_1.6.1/stm32cubeide/plugins/com.st.stm32cube.ide.mcu.externaltools.gnu-tools-for-stm32.9-2020-q2-update.win32_1.5.0.202011040924/tools/bin/../lib/gcc/arm-none-eabi/9.3.1/../../../../arm-none-eabi/lib/thumb/v7e-m+fp/hard\libc_nano.a(lib_a-exit.o) (_global_impure_ptr)
c:/st/stm32cubeide_1.6.1/stm32cubeide/plugins/com.st.stm32cube.ide.mcu.externaltools.gnu-tools-for-stm32.9-2020-q2-update.win32_1.5.0.202011040924/tools/bin/../lib/gcc/arm-none-eabi/9.3.1/../../../../arm-none-eabi/lib/thumb/v7e-m+fp/hard\libc_nano.a(lib_a-init.o)
                              c:/st/stm32cubeide_1.6.1/stm32cubeide/plugins/com.st.stm32cube.ide.mcu.externaltools.gnu-tools-for-stm32.9-2020-q2-update.win32_1.5.0.202011040924/tools/bin/../lib/gcc/arm-none-eabi/9.3.1/../../../../arm-none-eabi/lib/thumb/v7e-m+fp/hard/crt0.o (__libc_init_array)
c:/st/stm32cubeide_1.6.1/stm32cubeide/plugins/com.st.stm32cube.ide.mcu.externaltools.gnu-tools-for-stm32.9-2020-q2-update.win32_1.5.0.202011040924/tools/bin/../lib/gcc/arm-none-eabi/9.3.1/../../../../arm-none-eabi/lib/thumb/v7e-m+fp/hard\libc_nano.a(lib_a-memset.o)
                              c:/st/stm32cubeide_1.6.1/stm32cubeide/plugins/com.st.stm32cube.ide.mcu.externaltools.gnu-tools-for-stm32.9-2020-q2-update.win32_1.5.0.202011040924/tools/bin/../lib/gcc/arm-none-eabi/9.3.1/../../../../arm-none-eabi/lib/thumb/v7e-m+fp/hard/crt0.o (memset)
c:/st/stm32cubeide_1.6.1/stm32cubeide/plugins/com.st.stm32cube.ide.mcu.externaltools.gnu-tools-for-stm32.9-2020-q2-update.win32_1.5.0.202011040924/tools/bin/../lib/gcc/arm-none-eabi/9.3.1/../../../../arm-none-eabi/lib/thumb/v7e-m+fp/hard\libc_nano.a(lib_a-sprintf.o)
                              Core/Src/main.o (sprintf)
c:/st/stm32cubeide_1.6.1/stm32cubeide/plugins/com.st.stm32cube.ide.mcu.externaltools.gnu-tools-for-stm32.9-2020-q2-update.win32_1.5.0.202011040924/tools/bin/../lib/gcc/arm-none-eabi/9.3.1/../../../../arm-none-eabi/lib/thumb/v7e-m+fp/hard\libc_nano.a(lib_a-strlen.o)
                              Core/Src/main.o (strlen)
c:/st/stm32cubeide_1.6.1/stm32cubeide/plugins/com.st.stm32cube.ide.mcu.externaltools.gnu-tools-for-stm32.9-2020-q2-update.win32_1.5.0.202011040924/tools/bin/../lib/gcc/arm-none-eabi/9.3.1/../../../../arm-none-eabi/lib/thumb/v7e-m+fp/hard\libc_nano.a(lib_a-nano-svfprintf.o)
                              c:/st/stm32cubeide_1.6.1/stm32cubeide/plugins/com.st.stm32cube.ide.mcu.externaltools.gnu-tools-for-stm32.9-2020-q2-update.win32_1.5.0.202011040924/tools/bin/../lib/gcc/arm-none-eabi/9.3.1/../../../../arm-none-eabi/lib/thumb/v7e-m+fp/hard\libc_nano.a(lib_a-sprintf.o) (_svfprintf_r)
c:/st/stm32cubeide_1.6.1/stm32cubeide/plugins/com.st.stm32cube.ide.mcu.externaltools.gnu-tools-for-stm32.9-2020-q2-update.win32_1.5.0.202011040924/tools/bin/../lib/gcc/arm-none-eabi/9.3.1/../../../../arm-none-eabi/lib/thumb/v7e-m+fp/hard\libc_nano.a(lib_a-nano-vfprintf_i.o)
                              c:/st/stm32cubeide_1.6.1/stm32cubeide/plugins/com.st.stm32cube.ide.mcu.externaltools.gnu-tools-for-stm32.9-2020-q2-update.win32_1.5.0.202011040924/tools/bin/../lib/gcc/arm-none-eabi/9.3.1/../../../../arm-none-eabi/lib/thumb/v7e-m+fp/hard\libc_nano.a(lib_a-nano-svfprintf.o) (_printf_i)
c:/st/stm32cubeide_1.6.1/stm32cubeide/plugins/com.st.stm32cube.ide.mcu.externaltools.gnu-tools-for-stm32.9-2020-q2-update.win32_1.5.0.202011040924/tools/bin/../lib/gcc/arm-none-eabi/9.3.1/../../../../arm-none-eabi/lib/thumb/v7e-m+fp/hard\libc_nano.a(lib_a-memchr.o)
[...]
Memory Configuration

Name             Origin             Length             Attributes
RAM              0x0000000020000000 0x0000000000020000 xrw
FLASH            0x0000000008000000 0x0000000000080000 xr
*default*        0x0000000000000000 0xffffffffffffffff

Linker script and memory map

LOAD c:/st/stm32cubeide_1.6.1/stm32cubeide/plugins/com.st.stm32cube.ide.mcu.externaltools.gnu-tools-for-stm32.9-2020-q2-update.win32_1.5.0.202011040924/tools/bin/../lib/gcc/arm-none-eabi/9.3.1/thumb/v7e-m+fp/hard/crti.o
LOAD c:/st/stm32cubeide_1.6.1/stm32cubeide/plugins/com.st.stm32cube.ide.mcu.externaltools.gnu-tools-for-stm32.9-2020-q2-update.win32_1.5.0.202011040924/tools/bin/../lib/gcc/arm-none-eabi/9.3.1/thumb/v7e-m+fp/hard/crtbegin.o
LOAD c:/st/stm32cubeide_1.6.1/stm32cubeide/plugins/com.st.stm32cube.ide.mcu.externaltools.gnu-tools-for-stm32.9-2020-q2-update.win32_1.5.0.202011040924/tools/bin/../lib/gcc/arm-none-eabi/9.3.1/../../../../arm-none-eabi/lib/thumb/v7e-m+fp/hard/crt0.o
LOAD Core/Src/main.o
LOAD Core/Src/socket.o
LOAD Core/Src/stm32g4xx_hal_msp.o
LOAD Core/Src/stm32g4xx_it.o
LOAD Core/Src/syscalls.o
LOAD Core/Src/sysmem.o
LOAD Core/Src/system_stm32g4xx.o
LOAD Core/Src/w5500.o
LOAD Core/Src/wizchip_conf.o
LOAD Core/Startup/startup_stm32g474retx.o
LOAD Drivers/STM32G4xx_HAL_Driver/Src/stm32g4xx_hal.o
LOAD Drivers/STM32G4xx_HAL_Driver/Src/stm32g4xx_hal_cortex.o
LOAD Drivers/STM32G4xx_HAL_Driver/Src/stm32g4xx_hal_dma.o
LOAD Drivers/STM32G4xx_HAL_Driver/Src/stm32g4xx_hal_dma_ex.o
LOAD Drivers/STM32G4xx_HAL_Driver/Src/stm32g4xx_hal_exti.o
LOAD Drivers/STM32G4xx_HAL_Driver/Src/stm32g4xx_hal_flash.o
LOAD Drivers/STM32G4xx_HAL_Driver/Src/stm32g4xx_hal_flash_ex.o
LOAD Drivers/STM32G4xx_HAL_Driver/Src/stm32g4xx_hal_flash_ramfunc.o
LOAD Drivers/STM32G4xx_HAL_Driver/Src/stm32g4xx_hal_gpio.o
LOAD Drivers/STM32G4xx_HAL_Driver/Src/stm32g4xx_hal_pwr.o
LOAD Drivers/STM32G4xx_HAL_Driver/Src/stm32g4xx_hal_pwr_ex.o
LOAD Drivers/STM32G4xx_HAL_Driver/Src/stm32g4xx_hal_rcc.o
LOAD Drivers/STM32G4xx_HAL_Driver/Src/stm32g4xx_hal_rcc_ex.o
LOAD Drivers/STM32G4xx_HAL_Driver/Src/stm32g4xx_hal_spi.o
LOAD Drivers/STM32G4xx_HAL_Driver/Src/stm32g4xx_hal_spi_ex.o
LOAD Drivers/STM32G4xx_HAL_Driver/Src/stm32g4xx_hal_tim.o
LOAD Drivers/STM32G4xx_HAL_Driver/Src/stm32g4xx_hal_tim_ex.o
LOAD Drivers/STM32G4xx_HAL_Driver/Src/stm32g4xx_hal_uart.o
LOAD Drivers/STM32G4xx_HAL_Driver/Src/stm32g4xx_hal_uart_ex.o
START GROUP
LOAD c:/st/stm32cubeide_1.6.1/stm32cubeide/plugins/com.st.stm32cube.ide.mcu.externaltools.gnu-tools-for-stm32.9-2020-q2-update.win32_1.5.0.202011040924/tools/bin/../lib/gcc/arm-none-eabi/9.3.1/../../../../arm-none-eabi/lib/thumb/v7e-m+fp/hard\libc_nano.a
LOAD c:/st/stm32cubeide_1.6.1/stm32cubeide/plugins/com.st.stm32cube.ide.mcu.externaltools.gnu-tools-for-stm32.9-2020-q2-update.win32_1.5.0.202011040924/tools/bin/../lib/gcc/arm-none-eabi/9.3.1/../../../../arm-none-eabi/lib/thumb/v7e-m+fp/hard\libm.a
END GROUP
START GROUP
LOAD c:/st/stm32cubeide_1.6.1/stm32cubeide/plugins/com.st.stm32cube.ide.mcu.externaltools.gnu-tools-for-stm32.9-2020-q2-update.win32_1.5.0.202011040924/tools/bin/../lib/gcc/arm-none-eabi/9.3.1/thumb/v7e-m+fp/hard\libgcc.a
LOAD c:/st/stm32cubeide_1.6.1/stm32cubeide/plugins/com.st.stm32cube.ide.mcu.externaltools.gnu-tools-for-stm32.9-2020-q2-update.win32_1.5.0.202011040924/tools/bin/../lib/gcc/arm-none-eabi/9.3.1/../../../../arm-none-eabi/lib/thumb/v7e-m+fp/hard\libc_nano.a
END GROUP
START GROUP
LOAD c:/st/stm32cubeide_1.6.1/stm32cubeide/plugins/com.st.stm32cube.ide.mcu.externaltools.gnu-tools-for-stm32.9-2020-q2-update.win32_1.5.0.202011040924/tools/bin/../lib/gcc/arm-none-eabi/9.3.1/thumb/v7e-m+fp/hard\libgcc.a
LOAD c:/st/stm32cubeide_1.6.1/stm32cubeide/plugins/com.st.stm32cube.ide.mcu.externaltools.gnu-tools-for-stm32.9-2020-q2-update.win32_1.5.0.202011040924/tools/bin/../lib/gcc/arm-none-eabi/9.3.1/../../../../arm-none-eabi/lib/thumb/v7e-m+fp/hard\libc_nano.a
LOAD c:/st/stm32cubeide_1.6.1/stm32cubeide/plugins/com.st.stm32cube.ide.mcu.externaltools.gnu-tools-for-stm32.9-2020-q2-update.win32_1.5.0.202011040924/tools/bin/../lib/gcc/arm-none-eabi/9.3.1/../../../../arm-none-eabi/lib/thumb/v7e-m+fp/hard\libnosys.a
END GROUP
START GROUP
LOAD c:/st/stm32cubeide_1.6.1/stm32cubeide/plugins/com.st.stm32cube.ide.mcu.externaltools.gnu-tools-for-stm32.9-2020-q2-update.win32_1.5.0.202011040924/tools/bin/../lib/gcc/arm-none-eabi/9.3.1/thumb/v7e-m+fp/hard\libgcc.a
LOAD c:/st/stm32cubeide_1.6.1/stm32cubeide/plugins/com.st.stm32cube.ide.mcu.externaltools.gnu-tools-for-stm32.9-2020-q2-update.win32_1.5.0.202011040924/tools/bin/../lib/gcc/arm-none-eabi/9.3.1/../../../../arm-none-eabi/lib/thumb/v7e-m+fp/hard\libc_nano.a
LOAD c:/st/stm32cubeide_1.6.1/stm32cubeide/plugins/com.st.stm32cube.ide.mcu.externaltools.gnu-tools-for-stm32.9-2020-q2-update.win32_1.5.0.202011040924/tools/bin/../lib/gcc/arm-none-eabi/9.3.1/../../../../arm-none-eabi/lib/thumb/v7e-m+fp/hard\libnosys.a
END GROUP
LOAD c:/st/stm32cubeide_1.6.1/stm32cubeide/plugins/com.st.stm32cube.ide.mcu.externaltools.gnu-tools-for-stm32.9-2020-q2-update.win32_1.5.0.202011040924/tools/bin/../lib/gcc/arm-none-eabi/9.3.1/thumb/v7e-m+fp/hard/crtend.o
LOAD c:/st/stm32cubeide_1.6.1/stm32cubeide/plugins/com.st.stm32cube.ide.mcu.externaltools.gnu-tools-for-stm32.9-2020-q2-update.win32_1.5.0.202011040924/tools/bin/../lib/gcc/arm-none-eabi/9.3.1/thumb/v7e-m+fp/hard/crtn.o
                0x0000000020020000                _estack = (ORIGIN (RAM) + LENGTH (RAM))
                0x0000000000000200                _Min_Heap_Size = 0x200
                0x0000000000000400                _Min_Stack_Size = 0x400

.isr_vector     0x0000000008000000      0x1d8
                0x0000000008000000                . = ALIGN (0x4)
 *(.isr_vector)
 .isr_vector    0x0000000008000000      0x1d8 Core/Startup/startup_stm32g474retx.o
                0x0000000008000000                g_pfnVectors
                0x00000000080001d8                . = ALIGN (0x4)

.text           0x00000000080001e0     0x5968
                0x00000000080001e0                . = ALIGN (0x4)
 *(.text)
 .text          0x00000000080001e0       0x40 c:/st/stm32cubeide_1.6.1/stm32cubeide/plugins/com.st.stm32cube.ide.mcu.externaltools.gnu-tools-for-stm32.9-2020-q2-update.win32_1.5.0.202011040924/tools/bin/../lib/gcc/arm-none-eabi/9.3.1/thumb/v7e-m+fp/hard/crtbegin.o
 .text          0x0000000008000220       0x10 c:/st/stm32cubeide_1.6.1/stm32cubeide/plugins/com.st.stm32cube.ide.mcu.externaltools.gnu-tools-for-stm32.9-2020-q2-update.win32_1.5.0.202011040924/tools/bin/../lib/gcc/arm-none-eabi/9.3.1/../../../../arm-none-eabi/lib/thumb/v7e-m+fp/hard\libc_nano.a(lib_a-strlen.o)
                0x0000000008000220                strlen
 .text          0x0000000008000230       0xa0 c:/st/stm32cubeide_1.6.1/stm32cubeide/plugins/com.st.stm32cube.ide.mcu.externaltools.gnu-tools-for-stm32.9-2020-q2-update.win32_1.5.0.202011040924/tools/bin/../lib/gcc/arm-none-eabi/9.3.1/../../../../arm-none-eabi/lib/thumb/v7e-m+fp/hard\libc_nano.a(lib_a-memchr.o)
                0x0000000008000230                memchr
 .text          0x00000000080002d0       0x30 c:/st/stm32cubeide_1.6.1/stm32cubeide/plugins/com.st.stm32cube.ide.mcu.externaltools.gnu-tools-for-stm32.9-2020-q2-update.win32_1.5.0.202011040924/tools/bin/../lib/gcc/arm-none-eabi/9.3.1/thumb/v7e-m+fp/hard\libgcc.a(_aeabi_uldivmod.o)
                0x00000000080002d0                __aeabi_uldivmod
 .text          0x0000000008000300      0x2c4 c:/st/stm32cubeide_1.6.1/stm32cubeide/plugins/com.st.stm32cube.ide.mcu.externaltools.gnu-tools-for-stm32.9-2020-q2-update.win32_1.5.0.202011040924/tools/bin/../lib/gcc/arm-none-eabi/9.3.1/thumb/v7e-m+fp/hard\libgcc.a(_udivmoddi4.o)
                0x0000000008000300                __udivmoddi4
 .text          0x00000000080005c4        0x4 c:/st/stm32cubeide_1.6.1/stm32cubeide/plugins/com.st.stm32cube.ide.mcu.externaltools.gnu-tools-for-stm32.9-2020-q2-update.win32_1.5.0.202011040924/tools/bin/../lib/gcc/arm-none-eabi/9.3.1/thumb/v7e-m+fp/hard\libgcc.a(_dvmd_tls.o)
                0x00000000080005c4                __aeabi_idiv0
                0x00000000080005c4                __aeabi_ldiv0
 *(.text*)
 .text.cs_sel   0x00000000080005c8       0x18 Core/Src/main.o
                0x00000000080005c8                cs_sel
 .text.cs_desel
                0x00000000080005e0       0x18 Core/Src/main.o
                0x00000000080005e0                cs_desel
 .text.spi_rb   0x00000000080005f8       0x24 Core/Src/main.o
                0x00000000080005f8                spi_rb
 .text.spi_wb   0x000000000800061c       0x24 Core/Src/main.o
                0x000000000800061c                spi_wb
 .text.main     0x0000000008000640      0x274 Core/Src/main.o
                0x0000000008000640                main
 .text.SystemClock_Config
                0x00000000080008b4       0xd2 Core/Src/main.o
                0x00000000080008b4                SystemClock_Config
 *fill*         0x0000000008000986        0x2 
 .text.MX_LPUART1_UART_Init
                0x0000000008000988       0x94 Core/Src/main.o
 .text.MX_UART4_Init
                0x0000000008000a1c       0x98 Core/Src/main.o
 .text.MX_SPI2_Init
                0x0000000008000ab4       0x7c Core/Src/main.o
 .text.MX_GPIO_Init
                0x0000000008000b30      0x150 Core/Src/main.o
 .text.Error_Handler
                0x0000000008000c80        0xa Core/Src/main.o
                0x0000000008000c80                Error_Handler
 *fill*         0x0000000008000c8a        0x2 
 .text.socket   0x0000000008000c8c      0x22c Core/Src/socket.o
                0x0000000008000c8c                socket
 .text.close    0x0000000008000eb8       0xdc Core/Src/socket.o
                0x0000000008000eb8                close
 .text.listen   0x0000000008000f94       0xb2 Core/Src/socket.o
                0x0000000008000f94                listen
 *fill*         0x0000000008001046        0x2 
 .text.disconnect
                0x0000000008001048       0xec Core/Src/socket.o
                0x0000000008001048                disconnect
 .text.send     0x0000000008001134      0x1f4 Core/Src/socket.o
                0x0000000008001134                send
 .text.getsockopt
                0x0000000008001328      0x230 Core/Src/socket.o
                0x0000000008001328                getsockopt
 .text.HAL_MspInit
                0x0000000008001558       0x48 Core/Src/stm32g4xx_hal_msp.o
                0x0000000008001558                HAL_MspInit
 .text.HAL_UART_MspInit
                0x00000000080015a0       0xec Core/Src/stm32g4xx_hal_msp.o
                0x00000000080015a0                HAL_UART_MspInit
 .text.HAL_SPI_MspInit
                0x000000000800168c       0x88 Core/Src/stm32g4xx_hal_msp.o
                0x000000000800168c                HAL_SPI_MspInit
 .text.NMI_Handler
                0x0000000008001714        0x6 Core/Src/stm32g4xx_it.o
                0x0000000008001714                NMI_Handler
 .text.HardFault_Handler
                0x000000000800171a        0x6 Core/Src/stm32g4xx_it.o
                0x000000000800171a                HardFault_Handler
 .text.MemManage_Handler
                0x0000000008001720        0x6 Core/Src/stm32g4xx_it.o
                0x0000000008001720                MemManage_Handler
 .text.BusFault_Handler
                0x0000000008001726        0x6 Core/Src/stm32g4xx_it.o
                0x0000000008001726                BusFault_Handler
 .text.UsageFault_Handler
                0x000000000800172c        0x6 Core/Src/stm32g4xx_it.o
                0x000000000800172c                UsageFault_Handler
 .text.SVC_Handler
                0x0000000008001732        0xe Core/Src/stm32g4xx_it.o
                0x0000000008001732                SVC_Handler
 .text.DebugMon_Handler
                0x0000000008001740        0xe Core/Src/stm32g4xx_it.o
                0x0000000008001740                DebugMon_Handler
 .text.PendSV_Handler
                0x000000000800174e        0xe Core/Src/stm32g4xx_it.o
                0x000000000800174e                PendSV_Handler
 .text.SysTick_Handler
                0x000000000800175c        0xc Core/Src/stm32g4xx_it.o
                0x000000000800175c                SysTick_Handler
 .text.EXTI15_10_IRQHandler
                0x0000000008001768       0x10 Core/Src/stm32g4xx_it.o
                0x0000000008001768                EXTI15_10_IRQHandler
 .text._sbrk    0x0000000008001778       0x6c Core/Src/sysmem.o
                0x0000000008001778                _sbrk
 .text.SystemInit
                0x00000000080017e4       0x24 Core/Src/system_stm32g4xx.o
                0x00000000080017e4                SystemInit
 .text.WIZCHIP_READ
                0x0000000008001808       0x98 Core/Src/w5500.o
                0x0000000008001808                WIZCHIP_READ
 .text.WIZCHIP_WRITE
                0x00000000080018a0       0x9c Core/Src/w5500.o
                0x00000000080018a0                WIZCHIP_WRITE
 .text.WIZCHIP_READ_BUF
                0x000000000800193c       0xc0 Core/Src/w5500.o
                0x000000000800193c                WIZCHIP_READ_BUF
 .text.WIZCHIP_WRITE_BUF
                0x00000000080019fc       0xc0 Core/Src/w5500.o
                0x00000000080019fc                WIZCHIP_WRITE_BUF
 .text.getSn_TX_FSR
                0x0000000008001abc       0x96 Core/Src/w5500.o
                0x0000000008001abc                getSn_TX_FSR
 .text.getSn_RX_RSR
                0x0000000008001b52       0x96 Core/Src/w5500.o
                0x0000000008001b52                getSn_RX_RSR
 .text.wiz_send_data
                0x0000000008001be8       0xb8 Core/Src/w5500.o
                0x0000000008001be8                wiz_send_data
 .text.wizchip_cris_enter
                0x0000000008001ca0        0xe Core/Src/wizchip_conf.o
                0x0000000008001ca0                wizchip_cris_enter
 .text.wizchip_cris_exit
                0x0000000008001cae        0xe Core/Src/wizchip_conf.o
                0x0000000008001cae                wizchip_cris_exit
 .text.wizchip_cs_select
                0x0000000008001cbc        0xe Core/Src/wizchip_conf.o
                0x0000000008001cbc                wizchip_cs_select
 .text.wizchip_cs_deselect
                0x0000000008001cca        0xe Core/Src/wizchip_conf.o
                0x0000000008001cca                wizchip_cs_deselect
 .text.wizchip_bus_readdata
                0x0000000008001cd8       0x1a Core/Src/wizchip_conf.o
                0x0000000008001cd8                wizchip_bus_readdata
 .text.wizchip_bus_writedata
                0x0000000008001cf2       0x1e Core/Src/wizchip_conf.o
                0x0000000008001cf2                wizchip_bus_writedata
 .text.wizchip_spi_readbyte
                0x0000000008001d10       0x10 Core/Src/wizchip_conf.o
                0x0000000008001d10                wizchip_spi_readbyte
 .text.wizchip_spi_writebyte
                0x0000000008001d20       0x16 Core/Src/wizchip_conf.o
                0x0000000008001d20                wizchip_spi_writebyte
 *fill*         0x0000000008001d36        0x2 
 .text.reg_wizchip_cs_cbfunc
                0x0000000008001d38       0x4c Core/Src/wizchip_conf.o
                0x0000000008001d38                reg_wizchip_cs_cbfunc
 .text.reg_wizchip_spi_cbfunc
                0x0000000008001d84       0x58 Core/Src/wizchip_conf.o
                0x0000000008001d84                reg_wizchip_spi_cbfunc
 .text.wizchip_sw_reset
                0x0000000008001ddc       0x98 Core/Src/wizchip_conf.o
                0x0000000008001ddc                wizchip_sw_reset
 .text.wizchip_init
                0x0000000008001e74      0x118 Core/Src/wizchip_conf.o
                0x0000000008001e74                wizchip_init
 .text.wizchip_setnetinfo
                0x0000000008001f8c       0x80 Core/Src/wizchip_conf.o
                0x0000000008001f8c                wizchip_setnetinfo
 .text.wizchip_getnetinfo
                0x000000000800200c       0x80 Core/Src/wizchip_conf.o
                0x000000000800200c                wizchip_getnetinfo
 .text.Reset_Handler
                0x000000000800208c       0x50 Core/Startup/startup_stm32g474retx.o
                0x000000000800208c                Reset_Handler
 .text.Default_Handler
                0x00000000080020dc        0x2 Core/Startup/startup_stm32g474retx.o
                0x00000000080020dc                RTC_Alarm_IRQHandler
                0x00000000080020dc                EXTI2_IRQHandler
                0x00000000080020dc                TIM8_TRG_COM_IRQHandler
                0x00000000080020dc                TIM8_CC_IRQHandler
                0x00000000080020dc                HRTIM1_Master_IRQHandler
                0x00000000080020dc                SPI4_IRQHandler
                0x00000000080020dc                FDCAN3_IT0_IRQHandler
                0x00000000080020dc                TIM1_CC_IRQHandler
                0x00000000080020dc                HRTIM1_FLT_IRQHandler
                0x00000000080020dc                HRTIM1_TIMF_IRQHandler
                0x00000000080020dc                USB_HP_IRQHandler
                0x00000000080020dc                CORDIC_IRQHandler
                0x00000000080020dc                HRTIM1_TIMD_IRQHandler
                0x00000000080020dc                DMA2_Channel8_IRQHandler
                0x00000000080020dc                EXTI3_IRQHandler
                0x00000000080020dc                I2C3_ER_IRQHandler
                0x00000000080020dc                EXTI0_IRQHandler
                0x00000000080020dc                I2C2_EV_IRQHandler
                0x00000000080020dc                FPU_IRQHandler
                0x00000000080020dc                FDCAN1_IT1_IRQHandler
                0x00000000080020dc                TIM1_UP_TIM16_IRQHandler
                0x00000000080020dc                ADC1_2_IRQHandler
                0x00000000080020dc                HRTIM1_TIME_IRQHandler
                0x00000000080020dc                SPI1_IRQHandler
                0x00000000080020dc                TIM6_DAC_IRQHandler
                0x00000000080020dc                HRTIM1_TIMC_IRQHandler
                0x00000000080020dc                TIM8_UP_IRQHandler
                0x00000000080020dc                DMA2_Channel2_IRQHandler
                0x00000000080020dc                DMA1_Channel4_IRQHandler
                0x00000000080020dc                TIM20_TRG_COM_IRQHandler
                0x00000000080020dc                USART3_IRQHandler
                0x00000000080020dc                DMA1_Channel7_IRQHandler
                0x00000000080020dc                UART5_IRQHandler
                0x00000000080020dc                ADC3_IRQHandler
                0x00000000080020dc                TIM4_IRQHandler
                0x00000000080020dc                DMA2_Channel1_IRQHandler
                0x00000000080020dc                QUADSPI_IRQHandler
                0x00000000080020dc                I2C1_EV_IRQHandler
                0x00000000080020dc                DMA1_Channel6_IRQHandler
                0x00000000080020dc                UART4_IRQHandler
                0x00000000080020dc                DMA2_Channel4_IRQHandler
                0x00000000080020dc                TIM3_IRQHandler
                0x00000000080020dc                RCC_IRQHandler
                0x00000000080020dc                TIM20_UP_IRQHandler
                0x00000000080020dc                DMA1_Channel1_IRQHandler
                0x00000000080020dc                Default_Handler
                0x00000000080020dc                DMA2_Channel7_IRQHandler
                0x00000000080020dc                RTC_TAMP_LSECSS_IRQHandler
                0x00000000080020dc                FMAC_IRQHandler
                0x00000000080020dc                DMA1_Channel8_IRQHandler
                0x00000000080020dc                HRTIM1_TIMA_IRQHandler
                0x00000000080020dc                TIM7_DAC_IRQHandler
                0x00000000080020dc                FDCAN3_IT1_IRQHandler
                0x00000000080020dc                TIM5_IRQHandler
                0x00000000080020dc                UCPD1_IRQHandler
                0x00000000080020dc                I2C3_EV_IRQHandler
                0x00000000080020dc                EXTI9_5_IRQHandler
                0x00000000080020dc                RTC_WKUP_IRQHandler
                0x00000000080020dc                PVD_PVM_IRQHandler
                0x00000000080020dc                SPI2_IRQHandler
                0x00000000080020dc                ADC5_IRQHandler
                0x00000000080020dc                DMA2_Channel5_IRQHandler
                0x00000000080020dc                CRS_IRQHandler
                0x00000000080020dc                DMA1_Channel5_IRQHandler
                0x00000000080020dc                USB_LP_IRQHandler
                0x00000000080020dc                EXTI4_IRQHandler
                0x00000000080020dc                RNG_IRQHandler
                0x00000000080020dc                HRTIM1_TIMB_IRQHandler
                0x00000000080020dc                TIM1_TRG_COM_TIM17_IRQHandler
                0x00000000080020dc                FDCAN2_IT1_IRQHandler
                0x00000000080020dc                DMA1_Channel3_IRQHandler
                0x00000000080020dc                ADC4_IRQHandler
                0x00000000080020dc                WWDG_IRQHandler
                0x00000000080020dc                I2C4_EV_IRQHandler
                0x00000000080020dc                FDCAN2_IT0_IRQHandler
                0x00000000080020dc                LPUART1_IRQHandler
                0x00000000080020dc                DMA2_Channel6_IRQHandler
                0x00000000080020dc                FDCAN1_IT0_IRQHandler
                0x00000000080020dc                TIM2_IRQHandler
                0x00000000080020dc                COMP7_IRQHandler
                0x00000000080020dc                COMP1_2_3_IRQHandler
                0x00000000080020dc                EXTI1_IRQHandler
                0x00000000080020dc                USART2_IRQHandler
                0x00000000080020dc                COMP4_5_6_IRQHandler
                0x00000000080020dc                TIM20_BRK_IRQHandler
                0x00000000080020dc                I2C2_ER_IRQHandler
                0x00000000080020dc                DMA1_Channel2_IRQHandler
                0x00000000080020dc                TIM8_BRK_IRQHandler
                0x00000000080020dc                FLASH_IRQHandler
                0x00000000080020dc                TIM20_CC_IRQHandler
                0x00000000080020dc                USART1_IRQHandler
                0x00000000080020dc                SPI3_IRQHandler
                0x00000000080020dc                I2C1_ER_IRQHandler
                0x00000000080020dc                FMC_IRQHandler
                0x00000000080020dc                LPTIM1_IRQHandler
                0x00000000080020dc                DMAMUX_OVR_IRQHandler
                0x00000000080020dc                I2C4_ER_IRQHandler
                0x00000000080020dc                USBWakeUp_IRQHandler
                0x00000000080020dc                SAI1_IRQHandler
                0x00000000080020dc                DMA2_Channel3_IRQHandler
                0x00000000080020dc                TIM1_BRK_TIM15_IRQHandler
 .text.HAL_Init
                0x00000000080020de       0x30 Drivers/STM32G4xx_HAL_Driver/Src/stm32g4xx_hal.o
                0x00000000080020de                HAL_Init
 *fill*         0x000000000800210e        0x2 
 .text.HAL_InitTick
                0x0000000008002110       0x74 Drivers/STM32G4xx_HAL_Driver/Src/stm32g4xx_hal.o
                0x0000000008002110                HAL_InitTick
 .text.HAL_IncTick
                0x0000000008002184       0x24 Drivers/STM32G4xx_HAL_Driver/Src/stm32g4xx_hal.o
                0x0000000008002184                HAL_IncTick
 .text.HAL_GetTick
                0x00000000080021a8       0x18 Drivers/STM32G4xx_HAL_Driver/Src/stm32g4xx_hal.o
                0x00000000080021a8                HAL_GetTick
 .text.HAL_Delay
                0x00000000080021c0       0x44 Drivers/STM32G4xx_HAL_Driver/Src/stm32g4xx_hal.o
                0x00000000080021c0                HAL_Delay
 .text.__NVIC_SetPriorityGrouping
                0x0000000008002204       0x48 Drivers/STM32G4xx_HAL_Driver/Src/stm32g4xx_hal_cortex.o
 .text.__NVIC_GetPriorityGrouping
                0x000000000800224c       0x1c Drivers/STM32G4xx_HAL_Driver/Src/stm32g4xx_hal_cortex.o
 .text.__NVIC_EnableIRQ
                0x0000000008002268       0x3c Drivers/STM32G4xx_HAL_Driver/Src/stm32g4xx_hal_cortex.o
 .text.__NVIC_SetPriority
                0x00000000080022a4       0x54 Drivers/STM32G4xx_HAL_Driver/Src/stm32g4xx_hal_cortex.o
 .text.NVIC_EncodePriority
                0x00000000080022f8       0x66 Drivers/STM32G4xx_HAL_Driver/Src/stm32g4xx_hal_cortex.o
 *fill*         0x000000000800235e        0x2 
 .text.SysTick_Config
                0x0000000008002360       0x44 Drivers/STM32G4xx_HAL_Driver/Src/stm32g4xx_hal_cortex.o
 .text.HAL_NVIC_SetPriorityGrouping
                0x00000000080023a4       0x16 Drivers/STM32G4xx_HAL_Driver/Src/stm32g4xx_hal_cortex.o
                0x00000000080023a4                HAL_NVIC_SetPriorityGrouping
 .text.HAL_NVIC_SetPriority
                0x00000000080023ba       0x34 Drivers/STM32G4xx_HAL_Driver/Src/stm32g4xx_hal_cortex.o
                0x00000000080023ba                HAL_NVIC_SetPriority
 .text.HAL_NVIC_EnableIRQ
                0x00000000080023ee       0x1c Drivers/STM32G4xx_HAL_Driver/Src/stm32g4xx_hal_cortex.o
                0x00000000080023ee                HAL_NVIC_EnableIRQ
 .text.HAL_SYSTICK_Config
                0x000000000800240a       0x18 Drivers/STM32G4xx_HAL_Driver/Src/stm32g4xx_hal_cortex.o
                0x000000000800240a                HAL_SYSTICK_Config
 *fill*         0x0000000008002422        0x2 
 .text.HAL_GPIO_Init
                0x0000000008002424      0x304 Drivers/STM32G4xx_HAL_Driver/Src/stm32g4xx_hal_gpio.o
                0x0000000008002424                HAL_GPIO_Init
 .text.HAL_GPIO_WritePin
                0x0000000008002728       0x30 Drivers/STM32G4xx_HAL_Driver/Src/stm32g4xx_hal_gpio.o
                0x0000000008002728                HAL_GPIO_WritePin
 .text.HAL_GPIO_EXTI_IRQHandler
                0x0000000008002758       0x30 Drivers/STM32G4xx_HAL_Driver/Src/stm32g4xx_hal_gpio.o
                0x0000000008002758                HAL_GPIO_EXTI_IRQHandler
 .text.HAL_GPIO_EXTI_Callback
                0x0000000008002788       0x16 Drivers/STM32G4xx_HAL_Driver/Src/stm32g4xx_hal_gpio.o
                0x0000000008002788                HAL_GPIO_EXTI_Callback
 *fill*         0x000000000800279e        0x2 
 .text.HAL_PWREx_ControlVoltageScaling
                0x00000000080027a0      0x148 Drivers/STM32G4xx_HAL_Driver/Src/stm32g4xx_hal_pwr_ex.o
                0x00000000080027a0                HAL_PWREx_ControlVoltageScaling
 .text.HAL_PWREx_DisableUCPDDeadBattery
                0x00000000080028e8       0x20 Drivers/STM32G4xx_HAL_Driver/Src/stm32g4xx_hal_pwr_ex.o
                0x00000000080028e8                HAL_PWREx_DisableUCPDDeadBattery
 .text.HAL_RCC_OscConfig
                0x0000000008002908      0x630 Drivers/STM32G4xx_HAL_Driver/Src/stm32g4xx_hal_rcc.o
                0x0000000008002908                HAL_RCC_OscConfig
 .text.HAL_RCC_ClockConfig
                0x0000000008002f38      0x278 Drivers/STM32G4xx_HAL_Driver/Src/stm32g4xx_hal_rcc.o
                0x0000000008002f38                HAL_RCC_ClockConfig
 .text.HAL_RCC_GetSysClockFreq
                0x00000000080031b0       0xc4 Drivers/STM32G4xx_HAL_Driver/Src/stm32g4xx_hal_rcc.o
                0x00000000080031b0                HAL_RCC_GetSysClockFreq
 .text.HAL_RCC_GetHCLKFreq
                0x0000000008003274       0x18 Drivers/STM32G4xx_HAL_Driver/Src/stm32g4xx_hal_rcc.o
                0x0000000008003274                HAL_RCC_GetHCLKFreq
 .text.HAL_RCC_GetPCLK1Freq
                0x000000000800328c       0x2c Drivers/STM32G4xx_HAL_Driver/Src/stm32g4xx_hal_rcc.o
                0x000000000800328c                HAL_RCC_GetPCLK1Freq
 .text.HAL_RCC_GetPCLK2Freq
                0x00000000080032b8       0x2c Drivers/STM32G4xx_HAL_Driver/Src/stm32g4xx_hal_rcc.o
                0x00000000080032b8                HAL_RCC_GetPCLK2Freq
 .text.RCC_GetSysClockFreqFromPLLSource
                0x00000000080032e4       0x8c Drivers/STM32G4xx_HAL_Driver/Src/stm32g4xx_hal_rcc.o
 .text.HAL_RCCEx_PeriphCLKConfig
                0x0000000008003370      0x498 Drivers/STM32G4xx_HAL_Driver/Src/stm32g4xx_hal_rcc_ex.o
                0x0000000008003370                HAL_RCCEx_PeriphCLKConfig
 .text.HAL_SPI_Init
                0x0000000008003808      0x156 Drivers/STM32G4xx_HAL_Driver/Src/stm32g4xx_hal_spi.o
                0x0000000008003808                HAL_SPI_Init
 .text.HAL_SPI_Transmit
                0x000000000800395e      0x2dc Drivers/STM32G4xx_HAL_Driver/Src/stm32g4xx_hal_spi.o
                0x000000000800395e                HAL_SPI_Transmit
 .text.HAL_SPI_Receive
                0x0000000008003c3a      0x260 Drivers/STM32G4xx_HAL_Driver/Src/stm32g4xx_hal_spi.o
                0x0000000008003c3a                HAL_SPI_Receive
 .text.HAL_SPI_TransmitReceive
                0x0000000008003e9a      0x426 Drivers/STM32G4xx_HAL_Driver/Src/stm32g4xx_hal_spi.o
                0x0000000008003e9a                HAL_SPI_TransmitReceive
 .text.SPI_WaitFlagStateUntilTimeout
                0x00000000080042c0      0x110 Drivers/STM32G4xx_HAL_Driver/Src/stm32g4xx_hal_spi.o
 .text.SPI_WaitFifoStateUntilTimeout
                0x00000000080043d0      0x124 Drivers/STM32G4xx_HAL_Driver/Src/stm32g4xx_hal_spi.o
 .text.SPI_EndRxTransaction
                0x00000000080044f4       0xb0 Drivers/STM32G4xx_HAL_Driver/Src/stm32g4xx_hal_spi.o
 .text.SPI_EndRxTxTransaction
                0x00000000080045a4       0x8c Drivers/STM32G4xx_HAL_Driver/Src/stm32g4xx_hal_spi.o
 .text.HAL_UART_Init
                0x0000000008004630       0xa0 Drivers/STM32G4xx_HAL_Driver/Src/stm32g4xx_hal_uart.o
                0x0000000008004630                HAL_UART_Init
 .text.HAL_UART_Transmit
                0x00000000080046d0      0x12c Drivers/STM32G4xx_HAL_Driver/Src/stm32g4xx_hal_uart.o
                0x00000000080046d0                HAL_UART_Transmit
 .text.UART_SetConfig
                0x00000000080047fc      0x594 Drivers/STM32G4xx_HAL_Driver/Src/stm32g4xx_hal_uart.o
                0x00000000080047fc                UART_SetConfig
 .text.UART_AdvFeatureConfig
                0x0000000008004d90      0x144 Drivers/STM32G4xx_HAL_Driver/Src/stm32g4xx_hal_uart.o
                0x0000000008004d90                UART_AdvFeatureConfig
 .text.UART_CheckIdleState
                0x0000000008004ed4       0x96 Drivers/STM32G4xx_HAL_Driver/Src/stm32g4xx_hal_uart.o
                0x0000000008004ed4                UART_CheckIdleState
 .text.UART_WaitOnFlagUntilTimeout
                0x0000000008004f6a      0x100 Drivers/STM32G4xx_HAL_Driver/Src/stm32g4xx_hal_uart.o
                0x0000000008004f6a                UART_WaitOnFlagUntilTimeout
 .text.HAL_UARTEx_DisableFifoMode
                0x000000000800506a       0x72 Drivers/STM32G4xx_HAL_Driver/Src/stm32g4xx_hal_uart_ex.o
                0x000000000800506a                HAL_UARTEx_DisableFifoMode
 .text.HAL_UARTEx_SetTxFifoThreshold
                0x00000000080050dc       0x7c Drivers/STM32G4xx_HAL_Driver/Src/stm32g4xx_hal_uart_ex.o
                0x00000000080050dc                HAL_UARTEx_SetTxFifoThreshold
 .text.HAL_UARTEx_SetRxFifoThreshold
                0x0000000008005158       0x7c Drivers/STM32G4xx_HAL_Driver/Src/stm32g4xx_hal_uart_ex.o
                0x0000000008005158                HAL_UARTEx_SetRxFifoThreshold
 .text.UARTEx_SetNbDataToProcess
                0x00000000080051d4       0x9c Drivers/STM32G4xx_HAL_Driver/Src/stm32g4xx_hal_uart_ex.o
 .text.__errno  0x0000000008005270        0xc c:/st/stm32cubeide_1.6.1/stm32cubeide/plugins/com.st.stm32cube.ide.mcu.externaltools.gnu-tools-for-stm32.9-2020-q2-update.win32_1.5.0.202011040924/tools/bin/../lib/gcc/arm-none-eabi/9.3.1/../../../../arm-none-eabi/lib/thumb/v7e-m+fp/hard\libc_nano.a(lib_a-errno.o)
                0x0000000008005270                __errno
 .text.__libc_init_array
                0x000000000800527c       0x48 c:/st/stm32cubeide_1.6.1/stm32cubeide/plugins/com.st.stm32cube.ide.mcu.externaltools.gnu-tools-for-stm32.9-2020-q2-update.win32_1.5.0.202011040924/tools/bin/../lib/gcc/arm-none-eabi/9.3.1/../../../../arm-none-eabi/lib/thumb/v7e-m+fp/hard\libc_nano.a(lib_a-init.o)
                0x000000000800527c                __libc_init_array
 .text.memset   0x00000000080052c4       0x10 c:/st/stm32cubeide_1.6.1/stm32cubeide/plugins/com.st.stm32cube.ide.mcu.externaltools.gnu-tools-for-stm32.9-2020-q2-update.win32_1.5.0.202011040924/tools/bin/../lib/gcc/arm-none-eabi/9.3.1/../../../../arm-none-eabi/lib/thumb/v7e-m+fp/hard\libc_nano.a(lib_a-memset.o)
                0x00000000080052c4                memset
 .text.sprintf  0x00000000080052d4       0x40 c:/st/stm32cubeide_1.6.1/stm32cubeide/plugins/com.st.stm32cube.ide.mcu.externaltools.gnu-tools-for-stm32.9-2020-q2-update.win32_1.5.0.202011040924/tools/bin/../lib/gcc/arm-none-eabi/9.3.1/../../../../arm-none-eabi/lib/thumb/v7e-m+fp/hard\libc_nano.a(lib_a-sprintf.o)
                0x00000000080052d4                siprintf
                0x00000000080052d4                sprintf
 .text.__ssputs_r
                0x0000000008005314       0xb6 c:/st/stm32cubeide_1.6.1/stm32cubeide/plugins/com.st.stm32cube.ide.mcu.externaltools.gnu-tools-for-stm32.9-2020-q2-update.win32_1.5.0.202011040924/tools/bin/../lib/gcc/arm-none-eabi/9.3.1/../../../../arm-none-eabi/lib/thumb/v7e-m+fp/hard\libc_nano.a(lib_a-nano-svfprintf.o)
                0x0000000008005314                __ssputs_r
 *fill*         0x00000000080053ca        0x2 
 .text._svfprintf_r
                0x00000000080053cc      0x200 c:/st/stm32cubeide_1.6.1/stm32cubeide/plugins/com.st.stm32cube.ide.mcu.externaltools.gnu-tools-for-stm32.9-2020-q2-update.win32_1.5.0.202011040924/tools/bin/../lib/gcc/arm-none-eabi/9.3.1/../../../../arm-none-eabi/lib/thumb/v7e-m+fp/hard\libc_nano.a(lib_a-nano-svfprintf.o)
                0x00000000080053cc                _svfiprintf_r
                0x00000000080053cc                _svfprintf_r
 .text._printf_common
                0x00000000080055cc       0xda c:/st/stm32cubeide_1.6.1/stm32cubeide/plugins/com.st.stm32cube.ide.mcu.externaltools.gnu-tools-for-stm32.9-2020-q2-update.win32_1.5.0.202011040924/tools/bin/../lib/gcc/arm-none-eabi/9.3.1/../../../../arm-none-eabi/lib/thumb/v7e-m+fp/hard\libc_nano.a(lib_a-nano-vfprintf_i.o)
                0x00000000080055cc                _printf_common
 *fill*         0x00000000080056a6        0x2 
 .text._printf_i
                0x00000000080056a8      0x24c c:/st/stm32cubeide_1.6.1/stm32cubeide/plugins/com.st.stm32cube.ide.mcu.externaltools.gnu-tools-for-stm32.9-2020-q2-update.win32_1.5.0.202011040924/tools/bin/../lib/gcc/arm-none-eabi/9.3.1/../../../../arm-none-eabi/lib/thumb/v7e-m+fp/hard\libc_nano.a(lib_a-nano-vfprintf_i.o)
                0x00000000080056a8                _printf_i
 .text.memcpy   0x00000000080058f4       0x1c c:/st/stm32cubeide_1.6.1/stm32cubeide/plugins/com.st.stm32cube.ide.mcu.externaltools.gnu-tools-for-stm32.9-2020-q2-update.win32_1.5.0.202011040924/tools/bin/../lib/gcc/arm-none-eabi/9.3.1/../../../../arm-none-eabi/lib/thumb/v7e-m+fp/hard\libc_nano.a(lib_a-memcpy-stub.o)
                0x00000000080058f4                memcpy
 .text.memmove  0x0000000008005910       0x34 c:/st/stm32cubeide_1.6.1/stm32cubeide/plugins/com.st.stm32cube.ide.mcu.externaltools.gnu-tools-for-stm32.9-2020-q2-update.win32_1.5.0.202011040924/tools/bin/../lib/gcc/arm-none-eabi/9.3.1/../../../../arm-none-eabi/lib/thumb/v7e-m+fp/hard\libc_nano.a(lib_a-memmove.o)
                0x0000000008005910                memmove
 .text._free_r  0x0000000008005944       0xa0 c:/st/stm32cubeide_1.6.1/stm32cubeide/plugins/com.st.stm32cube.ide.mcu.externaltools.gnu-tools-for-stm32.9-2020-q2-update.win32_1.5.0.202011040924/tools/bin/../lib/gcc/arm-none-eabi/9.3.1/../../../../arm-none-eabi/lib/thumb/v7e-m+fp/hard\libc_nano.a(lib_a-nano-freer.o)
                0x0000000008005944                _free_r
 .text._malloc_r
                0x00000000080059e4       0xb4 c:/st/stm32cubeide_1.6.1/stm32cubeide/plugins/com.st.stm32cube.ide.mcu.externaltools.gnu-tools-for-stm32.9-2020-q2-update.win32_1.5.0.202011040924/tools/bin/../lib/gcc/arm-none-eabi/9.3.1/../../../../arm-none-eabi/lib/thumb/v7e-m+fp/hard\libc_nano.a(lib_a-nano-mallocr.o)
                0x00000000080059e4                _malloc_r
 .text._realloc_r
                0x0000000008005a98       0x4c c:/st/stm32cubeide_1.6.1/stm32cubeide/plugins/com.st.stm32cube.ide.mcu.externaltools.gnu-tools-for-stm32.9-2020-q2-update.win32_1.5.0.202011040924/tools/bin/../lib/gcc/arm-none-eabi/9.3.1/../../../../arm-none-eabi/lib/thumb/v7e-m+fp/hard\libc_nano.a(lib_a-nano-reallocr.o)
                0x0000000008005a98                _realloc_r
 .text._sbrk_r  0x0000000008005ae4       0x20 c:/st/stm32cubeide_1.6.1/stm32cubeide/plugins/com.st.stm32cube.ide.mcu.externaltools.gnu-tools-for-stm32.9-2020-q2-update.win32_1.5.0.202011040924/tools/bin/../lib/gcc/arm-none-eabi/9.3.1/../../../../arm-none-eabi/lib/thumb/v7e-m+fp/hard\libc_nano.a(lib_a-sbrkr.o)
                0x0000000008005ae4                _sbrk_r
 .text.__malloc_lock
                0x0000000008005b04        0xc c:/st/stm32cubeide_1.6.1/stm32cubeide/plugins/com.st.stm32cube.ide.mcu.externaltools.gnu-tools-for-stm32.9-2020-q2-update.win32_1.5.0.202011040924/tools/bin/../lib/gcc/arm-none-eabi/9.3.1/../../../../arm-none-eabi/lib/thumb/v7e-m+fp/hard\libc_nano.a(lib_a-mlock.o)
                0x0000000008005b04                __malloc_lock
 .text.__malloc_unlock
                0x0000000008005b10        0xc c:/st/stm32cubeide_1.6.1/stm32cubeide/plugins/com.st.stm32cube.ide.mcu.externaltools.gnu-tools-for-stm32.9-2020-q2-update.win32_1.5.0.202011040924/tools/bin/../lib/gcc/arm-none-eabi/9.3.1/../../../../arm-none-eabi/lib/thumb/v7e-m+fp/hard\libc_nano.a(lib_a-mlock.o)
                0x0000000008005b10                __malloc_unlock
 .text._malloc_usable_size_r
                0x0000000008005b1c       0x10 c:/st/stm32cubeide_1.6.1/stm32cubeide/plugins/com.st.stm32cube.ide.mcu.externaltools.gnu-tools-for-stm32.9-2020-q2-update.win32_1.5.0.202011040924/tools/bin/../lib/gcc/arm-none-eabi/9.3.1/../../../../arm-none-eabi/lib/thumb/v7e-m+fp/hard\libc_nano.a(lib_a-nano-msizer.o)
                0x0000000008005b1c                _malloc_usable_size_r
 .text.__retarget_lock_acquire_recursive
                0x0000000008005b2c        0x2 c:/st/stm32cubeide_1.6.1/stm32cubeide/plugins/com.st.stm32cube.ide.mcu.externaltools.gnu-tools-for-stm32.9-2020-q2-update.win32_1.5.0.202011040924/tools/bin/../lib/gcc/arm-none-eabi/9.3.1/../../../../arm-none-eabi/lib/thumb/v7e-m+fp/hard\libc_nano.a(lib_a-lock.o)
                0x0000000008005b2c                __retarget_lock_acquire_recursive
 .text.__retarget_lock_release_recursive
                0x0000000008005b2e        0x2 c:/st/stm32cubeide_1.6.1/stm32cubeide/plugins/com.st.stm32cube.ide.mcu.externaltools.gnu-tools-for-stm32.9-2020-q2-update.win32_1.5.0.202011040924/tools/bin/../lib/gcc/arm-none-eabi/9.3.1/../../../../arm-none-eabi/lib/thumb/v7e-m+fp/hard\libc_nano.a(lib_a-lock.o)
                0x0000000008005b2e                __retarget_lock_release_recursive
 *(.glue_7)
 .glue_7        0x0000000008005b30        0x0 linker stubs
 *(.glue_7t)
 .glue_7t       0x0000000008005b30        0x0 linker stubs
 *(.eh_frame)
 .eh_frame      0x0000000008005b30        0x0 c:/st/stm32cubeide_1.6.1/stm32cubeide/plugins/com.st.stm32cube.ide.mcu.externaltools.gnu-tools-for-stm32.9-2020-q2-update.win32_1.5.0.202011040924/tools/bin/../lib/gcc/arm-none-eabi/9.3.1/thumb/v7e-m+fp/hard/crtbegin.o
 *(.init)
 .init          0x0000000008005b30        0x4 c:/st/stm32cubeide_1.6.1/stm32cubeide/plugins/com.st.stm32cube.ide.mcu.externaltools.gnu-tools-for-stm32.9-2020-q2-update.win32_1.5.0.202011040924/tools/bin/../lib/gcc/arm-none-eabi/9.3.1/thumb/v7e-m+fp/hard/crti.o
                0x0000000008005b30                _init
 .init          0x0000000008005b34        0x8 c:/st/stm32cubeide_1.6.1/stm32cubeide/plugins/com.st.stm32cube.ide.mcu.externaltools.gnu-tools-for-stm32.9-2020-q2-update.win32_1.5.0.202011040924/tools/bin/../lib/gcc/arm-none-eabi/9.3.1/thumb/v7e-m+fp/hard/crtn.o
 *(.fini)
 .fini          0x0000000008005b3c        0x4 c:/st/stm32cubeide_1.6.1/stm32cubeide/plugins/com.st.stm32cube.ide.mcu.externaltools.gnu-tools-for-stm32.9-2020-q2-update.win32_1.5.0.202011040924/tools/bin/../lib/gcc/arm-none-eabi/9.3.1/thumb/v7e-m+fp/hard/crti.o
                0x0000000008005b3c                _fini
 .fini          0x0000000008005b40        0x8 c:/st/stm32cubeide_1.6.1/stm32cubeide/plugins/com.st.stm32cube.ide.mcu.externaltools.gnu-tools-for-stm32.9-2020-q2-update.win32_1.5.0.202011040924/tools/bin/../lib/gcc/arm-none-eabi/9.3.1/thumb/v7e-m+fp/hard/crtn.o
                0x0000000008005b48                . = ALIGN (0x4)
                0x0000000008005b48                _etext = .

.vfp11_veneer   0x0000000008005b48        0x0
 .vfp11_veneer  0x0000000008005b48        0x0 linker stubs

.v4_bx          0x0000000008005b48        0x0
 .v4_bx         0x0000000008005b48        0x0 linker stubs

.iplt           0x0000000008005b48        0x0
 .iplt          0x0000000008005b48        0x0 c:/st/stm32cubeide_1.6.1/stm32cubeide/plugins/com.st.stm32cube.ide.mcu.externaltools.gnu-tools-for-stm32.9-2020-q2-update.win32_1.5.0.202011040924/tools/bin/../lib/gcc/arm-none-eabi/9.3.1/thumb/v7e-m+fp/hard/crtbegin.o

.rodata         0x0000000008005b48      0x13c
                0x0000000008005b48                . = ALIGN (0x4)
 *(.rodata)
 .rodata        0x0000000008005b48       0xc8 Core/Src/main.o
 *(.rodata*)
 .rodata.AHBPrescTable
                0x0000000008005c10       0x10 Core/Src/system_stm32g4xx.o
                0x0000000008005c10                AHBPrescTable
 .rodata.APBPrescTable
                0x0000000008005c20        0x8 Core/Src/system_stm32g4xx.o
                0x0000000008005c20                APBPrescTable
 .rodata.UARTPrescTable
                0x0000000008005c28       0x18 Drivers/STM32G4xx_HAL_Driver/Src/stm32g4xx_hal_uart.o
                0x0000000008005c28                UARTPrescTable
 .rodata.numerator.8354
                0x0000000008005c40        0x8 Drivers/STM32G4xx_HAL_Driver/Src/stm32g4xx_hal_uart_ex.o
 .rodata.denominator.8355
                0x0000000008005c48        0x8 Drivers/STM32G4xx_HAL_Driver/Src/stm32g4xx_hal_uart_ex.o
 .rodata._svfprintf_r.str1.1
                0x0000000008005c50       0x11 c:/st/stm32cubeide_1.6.1/stm32cubeide/plugins/com.st.stm32cube.ide.mcu.externaltools.gnu-tools-for-stm32.9-2020-q2-update.win32_1.5.0.202011040924/tools/bin/../lib/gcc/arm-none-eabi/9.3.1/../../../../arm-none-eabi/lib/thumb/v7e-m+fp/hard\libc_nano.a(lib_a-nano-svfprintf.o)
 .rodata._printf_i.str1.1
                0x0000000008005c61       0x22 c:/st/stm32cubeide_1.6.1/stm32cubeide/plugins/com.st.stm32cube.ide.mcu.externaltools.gnu-tools-for-stm32.9-2020-q2-update.win32_1.5.0.202011040924/tools/bin/../lib/gcc/arm-none-eabi/9.3.1/../../../../arm-none-eabi/lib/thumb/v7e-m+fp/hard\libc_nano.a(lib_a-nano-vfprintf_i.o)
                0x0000000008005c84                . = ALIGN (0x4)
 *fill*         0x0000000008005c83        0x1 

.ARM.extab      0x0000000008005c84        0x0
                0x0000000008005c84                . = ALIGN (0x4)
 *(.ARM.extab* .gnu.linkonce.armextab.*)
                0x0000000008005c84                . = ALIGN (0x4)

.ARM            0x0000000008005c84        0x8
                0x0000000008005c84                . = ALIGN (0x4)
                0x0000000008005c84                __exidx_start = .
 *(.ARM.exidx*)
 .ARM.exidx     0x0000000008005c84        0x8 c:/st/stm32cubeide_1.6.1/stm32cubeide/plugins/com.st.stm32cube.ide.mcu.externaltools.gnu-tools-for-stm32.9-2020-q2-update.win32_1.5.0.202011040924/tools/bin/../lib/gcc/arm-none-eabi/9.3.1/thumb/v7e-m+fp/hard\libgcc.a(_udivmoddi4.o)
                0x0000000008005c8c                __exidx_end = .
                0x0000000008005c8c                . = ALIGN (0x4)

.rel.dyn        0x0000000008005c8c        0x0
 .rel.iplt      0x0000000008005c8c        0x0 c:/st/stm32cubeide_1.6.1/stm32cubeide/plugins/com.st.stm32cube.ide.mcu.externaltools.gnu-tools-for-stm32.9-2020-q2-update.win32_1.5.0.202011040924/tools/bin/../lib/gcc/arm-none-eabi/9.3.1/thumb/v7e-m+fp/hard/crtbegin.o

.preinit_array  0x0000000008005c8c        0x0
                0x0000000008005c8c                . = ALIGN (0x4)
                0x0000000008005c8c                PROVIDE (__preinit_array_start = .)
 *(.preinit_array*)
                0x0000000008005c8c                PROVIDE (__preinit_array_end = .)
                0x0000000008005c8c                . = ALIGN (0x4)

.init_array     0x0000000008005c8c        0x4
                0x0000000008005c8c                . = ALIGN (0x4)
                0x0000000008005c8c                PROVIDE (__init_array_start = .)
 *(SORT_BY_NAME(.init_array.*))
 *(.init_array*)
 .init_array    0x0000000008005c8c        0x4 c:/st/stm32cubeide_1.6.1/stm32cubeide/plugins/com.st.stm32cube.ide.mcu.externaltools.gnu-tools-for-stm32.9-2020-q2-update.win32_1.5.0.202011040924/tools/bin/../lib/gcc/arm-none-eabi/9.3.1/thumb/v7e-m+fp/hard/crtbegin.o
                0x0000000008005c90                PROVIDE (__init_array_end = .)
                0x0000000008005c90                . = ALIGN (0x4)

.fini_array     0x0000000008005c90        0x4
                0x0000000008005c90                . = ALIGN (0x4)
                [!provide]                        PROVIDE (__fini_array_start = .)
 *(SORT_BY_NAME(.fini_array.*))
 *(.fini_array*)
 .fini_array    0x0000000008005c90        0x4 c:/st/stm32cubeide_1.6.1/stm32cubeide/plugins/com.st.stm32cube.ide.mcu.externaltools.gnu-tools-for-stm32.9-2020-q2-update.win32_1.5.0.202011040924/tools/bin/../lib/gcc/arm-none-eabi/9.3.1/thumb/v7e-m+fp/hard/crtbegin.o
                [!provide]                        PROVIDE (__fini_array_end = .)
                0x0000000008005c94                . = ALIGN (0x4)
                0x0000000008005c94                _sidata = LOADADDR (.data)

.data           0x0000000020000000       0xa0 load address 0x0000000008005c94
                0x0000000020000000                . = ALIGN (0x4)
                0x0000000020000000                _sdata = .
 *(.data)
 *(.data*)
 .data.sock_any_port
                0x0000000020000000        0x2 Core/Src/socket.o
 *fill*         0x0000000020000002        0x2 
 .data.SystemCoreClock
                0x0000000020000004        0x4 Core/Src/system_stm32g4xx.o
                0x0000000020000004                SystemCoreClock
 .data.WIZCHIP  0x0000000020000008       0x2c Core/Src/wizchip_conf.o
                0x0000000020000008                WIZCHIP
 .data.uwTickPrio
                0x0000000020000034        0x4 Drivers/STM32G4xx_HAL_Driver/Src/stm32g4xx_hal.o
                0x0000000020000034                uwTickPrio
 .data.uwTickFreq
                0x0000000020000038        0x4 Drivers/STM32G4xx_HAL_Driver/Src/stm32g4xx_hal.o
                0x0000000020000038                uwTickFreq
 .data._impure_ptr
                0x000000002000003c        0x4 c:/st/stm32cubeide_1.6.1/stm32cubeide/plugins/com.st.stm32cube.ide.mcu.externaltools.gnu-tools-for-stm32.9-2020-q2-update.win32_1.5.0.202011040924/tools/bin/../lib/gcc/arm-none-eabi/9.3.1/../../../../arm-none-eabi/lib/thumb/v7e-m+fp/hard\libc_nano.a(lib_a-impure.o)
                0x000000002000003c                _impure_ptr
 .data.impure_data
                0x0000000020000040       0x60 c:/st/stm32cubeide_1.6.1/stm32cubeide/plugins/com.st.stm32cube.ide.mcu.externaltools.gnu-tools-for-stm32.9-2020-q2-update.win32_1.5.0.202011040924/tools/bin/../lib/gcc/arm-none-eabi/9.3.1/../../../../arm-none-eabi/lib/thumb/v7e-m+fp/hard\libc_nano.a(lib_a-impure.o)
 *(.RamFunc)
 *(.RamFunc*)
                0x00000000200000a0                . = ALIGN (0x4)
                0x00000000200000a0                _edata = .

.igot.plt       0x00000000200000a0        0x0 load address 0x0000000008005d34
 .igot.plt      0x00000000200000a0        0x0 c:/st/stm32cubeide_1.6.1/stm32cubeide/plugins/com.st.stm32cube.ide.mcu.externaltools.gnu-tools-for-stm32.9-2020-q2-update.win32_1.5.0.202011040924/tools/bin/../lib/gcc/arm-none-eabi/9.3.1/thumb/v7e-m+fp/hard/crtbegin.o
                0x00000000200000a0                . = ALIGN (0x4)

.bss            0x00000000200000a0      0x1e4 load address 0x0000000008005d34
                0x00000000200000a0                _sbss = .
                0x00000000200000a0                __bss_start__ = _sbss
 *(.bss)
 .bss           0x00000000200000a0       0x1c c:/st/stm32cubeide_1.6.1/stm32cubeide/plugins/com.st.stm32cube.ide.mcu.externaltools.gnu-tools-for-stm32.9-2020-q2-update.win32_1.5.0.202011040924/tools/bin/../lib/gcc/arm-none-eabi/9.3.1/thumb/v7e-m+fp/hard/crtbegin.o
 *(.bss*)
 .bss.sock_io_mode
                0x00000000200000bc        0x2 Core/Src/socket.o
 .bss.sock_is_sending
                0x00000000200000be        0x2 Core/Src/socket.o
 .bss.sock_remained_size
                0x00000000200000c0       0x10 Core/Src/socket.o
 .bss.sock_pack_info
                0x00000000200000d0        0x8 Core/Src/socket.o
                0x00000000200000d0                sock_pack_info
 .bss.__sbrk_heap_end
                0x00000000200000d8        0x4 Core/Src/sysmem.o
 .bss._DNS_     0x00000000200000dc        0x4 Core/Src/wizchip_conf.o
 .bss._DHCP_    0x00000000200000e0        0x1 Core/Src/wizchip_conf.o
 *fill*         0x00000000200000e1        0x3 
 .bss.__malloc_free_list
                0x00000000200000e4        0x4 c:/st/stm32cubeide_1.6.1/stm32cubeide/plugins/com.st.stm32cube.ide.mcu.externaltools.gnu-tools-for-stm32.9-2020-q2-update.win32_1.5.0.202011040924/tools/bin/../lib/gcc/arm-none-eabi/9.3.1/../../../../arm-none-eabi/lib/thumb/v7e-m+fp/hard\libc_nano.a(lib_a-nano-mallocr.o)
                0x00000000200000e4                __malloc_free_list
 .bss.__malloc_sbrk_start
                0x00000000200000e8        0x4 c:/st/stm32cubeide_1.6.1/stm32cubeide/plugins/com.st.stm32cube.ide.mcu.externaltools.gnu-tools-for-stm32.9-2020-q2-update.win32_1.5.0.202011040924/tools/bin/../lib/gcc/arm-none-eabi/9.3.1/../../../../arm-none-eabi/lib/thumb/v7e-m+fp/hard\libc_nano.a(lib_a-nano-mallocr.o)
                0x00000000200000e8                __malloc_sbrk_start
 *(COMMON)
 COMMON         0x00000000200000ec      0x184 Core/Src/main.o
                0x00000000200000ec                hspi2
                0x0000000020000150                hlpuart1
                0x00000000200001e0                huart4
 COMMON         0x0000000020000270        0x4 Drivers/STM32G4xx_HAL_Driver/Src/stm32g4xx_hal.o
                0x0000000020000270                uwTick
 COMMON         0x0000000020000274        0x4 c:/st/stm32cubeide_1.6.1/stm32cubeide/plugins/com.st.stm32cube.ide.mcu.externaltools.gnu-tools-for-stm32.9-2020-q2-update.win32_1.5.0.202011040924/tools/bin/../lib/gcc/arm-none-eabi/9.3.1/../../../../arm-none-eabi/lib/thumb/v7e-m+fp/hard\libc_nano.a(lib_a-reent.o)
                0x0000000020000274                errno
 COMMON         0x0000000020000278        0x9 c:/st/stm32cubeide_1.6.1/stm32cubeide/plugins/com.st.stm32cube.ide.mcu.externaltools.gnu-tools-for-stm32.9-2020-q2-update.win32_1.5.0.202011040924/tools/bin/../lib/gcc/arm-none-eabi/9.3.1/../../../../arm-none-eabi/lib/thumb/v7e-m+fp/hard\libc_nano.a(lib_a-lock.o)
                0x0000000020000278                __lock___atexit_recursive_mutex
                0x0000000020000279                __lock___arc4random_mutex
                0x000000002000027a                __lock___env_recursive_mutex
                0x000000002000027b                __lock___sinit_recursive_mutex
                0x000000002000027c                __lock___malloc_recursive_mutex
                0x000000002000027d                __lock___at_quick_exit_mutex
                0x000000002000027e                __lock___dd_hash_mutex
                0x000000002000027f                __lock___tz_mutex
                0x0000000020000280                __lock___sfp_recursive_mutex
                0x0000000020000284                . = ALIGN (0x4)
 *fill*         0x0000000020000281        0x3 
                0x0000000020000284                _ebss = .
                0x0000000020000284                __bss_end__ = _ebss

._user_heap_stack
                0x0000000020000284      0x604 load address 0x0000000008005d34
                0x0000000020000288                . = ALIGN (0x8)
 *fill*         0x0000000020000284        0x4 
                [!provide]                        PROVIDE (end = .)
                0x0000000020000288                PROVIDE (_end = .)
                0x0000000020000488                . = (. + _Min_Heap_Size)
 *fill*         0x0000000020000288      0x200 
                0x0000000020000888                . = (. + _Min_Stack_Size)
 *fill*         0x0000000020000488      0x400 
                0x0000000020000888                . = ALIGN (0x8)

/DISCARD/
 libc.a(*)
 libm.a(*)
 libgcc.a(*)

.ARM.attributes
                0x0000000000000000       0x30
 *(.ARM.attributes)
 .ARM.attributes
                0x0000000000000000       0x1e c:/st/stm32cubeide_1.6.1/stm32cubeide/plugins/com.st.stm32cube.ide.mcu.externaltools.gnu-tools-for-stm32.9-2020-q2-update.win32_1.5.0.202011040924/tools/bin/../lib/gcc/arm-none-eabi/9.3.1/thumb/v7e-m+fp/hard/crti.o
 .ARM.attributes
                0x000000000000001e       0x34 c:/st/stm32cubeide_1.6.1/stm32cubeide/plugins/com.st.stm32cube.ide.mcu.externaltools.gnu-tools-for-stm32.9-2020-q2-update.win32_1.5.0.202011040924/tools/bin/../lib/gcc/arm-none-eabi/9.3.1/thumb/v7e-m+fp/hard/crtbegin.o
 .ARM.attributes
                0x0000000000000052       0x34 Core/Src/main.o
 .ARM.attributes
                0x0000000000000086       0x34 Core/Src/socket.o
 .ARM.attributes
                0x00000000000000ba       0x34 Core/Src/stm32g4xx_hal_msp.o
 .ARM.attributes
                0x00000000000000ee       0x34 Core/Src/stm32g4xx_it.o
 .ARM.attributes
                0x0000000000000122       0x34 Core/Src/sysmem.o
 .ARM.attributes
                0x0000000000000156       0x34 Core/Src/system_stm32g4xx.o
 .ARM.attributes
                0x000000000000018a       0x34 Core/Src/w5500.o
 .ARM.attributes
                0x00000000000001be       0x34 Core/Src/wizchip_conf.o
 .ARM.attributes
                0x00000000000001f2       0x21 Core/Startup/startup_stm32g474retx.o
 .ARM.attributes
                0x0000000000000213       0x34 Drivers/STM32G4xx_HAL_Driver/Src/stm32g4xx_hal.o
 .ARM.attributes
                0x0000000000000247       0x34 Drivers/STM32G4xx_HAL_Driver/Src/stm32g4xx_hal_cortex.o
 .ARM.attributes
                0x000000000000027b       0x34 Drivers/STM32G4xx_HAL_Driver/Src/stm32g4xx_hal_gpio.o
 .ARM.attributes
                0x00000000000002af       0x34 Drivers/STM32G4xx_HAL_Driver/Src/stm32g4xx_hal_pwr_ex.o
 .ARM.attributes
                0x00000000000002e3       0x34 Drivers/STM32G4xx_HAL_Driver/Src/stm32g4xx_hal_rcc.o
 .ARM.attributes
                0x0000000000000317       0x34 Drivers/STM32G4xx_HAL_Driver/Src/stm32g4xx_hal_rcc_ex.o
 .ARM.attributes
                0x000000000000034b       0x34 Drivers/STM32G4xx_HAL_Driver/Src/stm32g4xx_hal_spi.o
 .ARM.attributes
                0x000000000000037f       0x34 Drivers/STM32G4xx_HAL_Driver/Src/stm32g4xx_hal_uart.o
 .ARM.attributes
                0x00000000000003b3       0x34 Drivers/STM32G4xx_HAL_Driver/Src/stm32g4xx_hal_uart_ex.o
 .ARM.attributes
                0x00000000000003e7       0x34 c:/st/stm32cubeide_1.6.1/stm32cubeide/plugins/com.st.stm32cube.ide.mcu.externaltools.gnu-tools-for-stm32.9-2020-q2-update.win32_1.5.0.202011040924/tools/bin/../lib/gcc/arm-none-eabi/9.3.1/../../../../arm-none-eabi/lib/thumb/v7e-m+fp/hard\libc_nano.a(lib_a-errno.o)
 .ARM.attributes
                0x000000000000041b       0x32 c:/st/stm32cubeide_1.6.1/stm32cubeide/plugins/com.st.stm32cube.ide.mcu.externaltools.gnu-tools-for-stm32.9-2020-q2-update.win32_1.5.0.202011040924/tools/bin/../lib/gcc/arm-none-eabi/9.3.1/../../../../arm-none-eabi/lib/thumb/v7e-m+fp/hard\libc_nano.a(lib_a-impure.o)
 .ARM.attributes
                0x000000000000044d       0x34 c:/st/stm32cubeide_1.6.1/stm32cubeide/plugins/com.st.stm32cube.ide.mcu.externaltools.gnu-tools-for-stm32.9-2020-q2-update.win32_1.5.0.202011040924/tools/bin/../lib/gcc/arm-none-eabi/9.3.1/../../../../arm-none-eabi/lib/thumb/v7e-m+fp/hard\libc_nano.a(lib_a-init.o)
 .ARM.attributes
                0x0000000000000481       0x34 c:/st/stm32cubeide_1.6.1/stm32cubeide/plugins/com.st.stm32cube.ide.mcu.externaltools.gnu-tools-for-stm32.9-2020-q2-update.win32_1.5.0.202011040924/tools/bin/../lib/gcc/arm-none-eabi/9.3.1/../../../../arm-none-eabi/lib/thumb/v7e-m+fp/hard\libc_nano.a(lib_a-memset.o)
 .ARM.attributes
                0x00000000000004b5       0x34 c:/st/stm32cubeide_1.6.1/stm32cubeide/plugins/com.st.stm32cube.ide.mcu.externaltools.gnu-tools-for-stm32.9-2020-q2-update.win32_1.5.0.202011040924/tools/bin/../lib/gcc/arm-none-eabi/9.3.1/../../../../arm-none-eabi/lib/thumb/v7e-m+fp/hard\libc_nano.a(lib_a-sprintf.o)
 .ARM.attributes
                0x00000000000004e9       0x17 c:/st/stm32cubeide_1.6.1/stm32cubeide/plugins/com.st.stm32cube.ide.mcu.externaltools.gnu-tools-for-stm32.9-2020-q2-update.win32_1.5.0.202011040924/tools/bin/../lib/gcc/arm-none-eabi/9.3.1/../../../../arm-none-eabi/lib/thumb/v7e-m+fp/hard\libc_nano.a(lib_a-strlen.o)
 .ARM.attributes
                0x0000000000000500       0x34 c:/st/stm32cubeide_1.6.1/stm32cubeide/plugins/com.st.stm32cube.ide.mcu.externaltools.gnu-tools-for-stm32.9-2020-q2-update.win32_1.5.0.202011040924/tools/bin/../lib/gcc/arm-none-eabi/9.3.1/../../../../arm-none-eabi/lib/thumb/v7e-m+fp/hard\libc_nano.a(lib_a-nano-svfprintf.o)
 .ARM.attributes
                0x0000000000000534       0x34 c:/st/stm32cubeide_1.6.1/stm32cubeide/plugins/com.st.stm32cube.ide.mcu.externaltools.gnu-tools-for-stm32.9-2020-q2-update.win32_1.5.0.202011040924/tools/bin/../lib/gcc/arm-none-eabi/9.3.1/../../../../arm-none-eabi/lib/thumb/v7e-m+fp/hard\libc_nano.a(lib_a-nano-vfprintf_i.o)
 .ARM.attributes
                0x0000000000000568       0x1c c:/st/stm32cubeide_1.6.1/stm32cubeide/plugins/com.st.stm32cube.ide.mcu.externaltools.gnu-tools-for-stm32.9-2020-q2-update.win32_1.5.0.202011040924/tools/bin/../lib/gcc/arm-none-eabi/9.3.1/../../../../arm-none-eabi/lib/thumb/v7e-m+fp/hard\libc_nano.a(lib_a-memchr.o)
 .ARM.attributes
                0x0000000000000584       0x34 c:/st/stm32cubeide_1.6.1/stm32cubeide/plugins/com.st.stm32cube.ide.mcu.externaltools.gnu-tools-for-stm32.9-2020-q2-update.win32_1.5.0.202011040924/tools/bin/../lib/gcc/arm-none-eabi/9.3.1/../../../../arm-none-eabi/lib/thumb/v7e-m+fp/hard\libc_nano.a(lib_a-memcpy-stub.o)
 .ARM.attributes
                0x00000000000005b8       0x34 c:/st/stm32cubeide_1.6.1/stm32cubeide/plugins/com.st.stm32cube.ide.mcu.externaltools.gnu-tools-for-stm32.9-2020-q2-update.win32_1.5.0.202011040924/tools/bin/../lib/gcc/arm-none-eabi/9.3.1/../../../../arm-none-eabi/lib/thumb/v7e-m+fp/hard\libc_nano.a(lib_a-memmove.o)
 .ARM.attributes
                0x00000000000005ec       0x34 c:/st/stm32cubeide_1.6.1/stm32cubeide/plugins/com.st.stm32cube.ide.mcu.externaltools.gnu-tools-for-stm32.9-2020-q2-update.win32_1.5.0.202011040924/tools/bin/../lib/gcc/arm-none-eabi/9.3.1/../../../../arm-none-eabi/lib/thumb/v7e-m+fp/hard\libc_nano.a(lib_a-nano-freer.o)
 .ARM.attributes
                0x0000000000000620       0x34 c:/st/stm32cubeide_1.6.1/stm32cubeide/plugins/com.st.stm32cube.ide.mcu.externaltools.gnu-tools-for-stm32.9-2020-q2-update.win32_1.5.0.202011040924/tools/bin/../lib/gcc/arm-none-eabi/9.3.1/../../../../arm-none-eabi/lib/thumb/v7e-m+fp/hard\libc_nano.a(lib_a-nano-mallocr.o)
 .ARM.attributes
                0x0000000000000654       0x34 c:/st/stm32cubeide_1.6.1/stm32cubeide/plugins/com.st.stm32cube.ide.mcu.externaltools.gnu-tools-for-stm32.9-2020-q2-update.win32_1.5.0.202011040924/tools/bin/../lib/gcc/arm-none-eabi/9.3.1/../../../../arm-none-eabi/lib/thumb/v7e-m+fp/hard\libc_nano.a(lib_a-nano-reallocr.o)
 .ARM.attributes
                0x0000000000000688       0x34 c:/st/stm32cubeide_1.6.1/stm32cubeide/plugins/com.st.stm32cube.ide.mcu.externaltools.gnu-tools-for-stm32.9-2020-q2-update.win32_1.5.0.202011040924/tools/bin/../lib/gcc/arm-none-eabi/9.3.1/../../../../arm-none-eabi/lib/thumb/v7e-m+fp/hard\libc_nano.a(lib_a-sbrkr.o)
 .ARM.attributes
                0x00000000000006bc       0x34 c:/st/stm32cubeide_1.6.1/stm32cubeide/plugins/com.st.stm32cube.ide.mcu.externaltools.gnu-tools-for-stm32.9-2020-q2-update.win32_1.5.0.202011040924/tools/bin/../lib/gcc/arm-none-eabi/9.3.1/../../../../arm-none-eabi/lib/thumb/v7e-m+fp/hard\libc_nano.a(lib_a-mlock.o)
 .ARM.attributes
                0x00000000000006f0       0x34 c:/st/stm32cubeide_1.6.1/stm32cubeide/plugins/com.st.stm32cube.ide.mcu.externaltools.gnu-tools-for-stm32.9-2020-q2-update.win32_1.5.0.202011040924/tools/bin/../lib/gcc/arm-none-eabi/9.3.1/../../../../arm-none-eabi/lib/thumb/v7e-m+fp/hard\libc_nano.a(lib_a-nano-msizer.o)
 .ARM.attributes
                0x0000000000000724       0x34 c:/st/stm32cubeide_1.6.1/stm32cubeide/plugins/com.st.stm32cube.ide.mcu.externaltools.gnu-tools-for-stm32.9-2020-q2-update.win32_1.5.0.202011040924/tools/bin/../lib/gcc/arm-none-eabi/9.3.1/../../../../arm-none-eabi/lib/thumb/v7e-m+fp/hard\libc_nano.a(lib_a-reent.o)
 .ARM.attributes
                0x0000000000000758       0x34 c:/st/stm32cubeide_1.6.1/stm32cubeide/plugins/com.st.stm32cube.ide.mcu.externaltools.gnu-tools-for-stm32.9-2020-q2-update.win32_1.5.0.202011040924/tools/bin/../lib/gcc/arm-none-eabi/9.3.1/../../../../arm-none-eabi/lib/thumb/v7e-m+fp/hard\libc_nano.a(lib_a-lock.o)
 .ARM.attributes
                0x000000000000078c       0x1e c:/st/stm32cubeide_1.6.1/stm32cubeide/plugins/com.st.stm32cube.ide.mcu.externaltools.gnu-tools-for-stm32.9-2020-q2-update.win32_1.5.0.202011040924/tools/bin/../lib/gcc/arm-none-eabi/9.3.1/thumb/v7e-m+fp/hard\libgcc.a(_aeabi_uldivmod.o)
 .ARM.attributes
                0x00000000000007aa       0x34 c:/st/stm32cubeide_1.6.1/stm32cubeide/plugins/com.st.stm32cube.ide.mcu.externaltools.gnu-tools-for-stm32.9-2020-q2-update.win32_1.5.0.202011040924/tools/bin/../lib/gcc/arm-none-eabi/9.3.1/thumb/v7e-m+fp/hard\libgcc.a(_udivmoddi4.o)
 .ARM.attributes
                0x00000000000007de       0x1e c:/st/stm32cubeide_1.6.1/stm32cubeide/plugins/com.st.stm32cube.ide.mcu.externaltools.gnu-tools-for-stm32.9-2020-q2-update.win32_1.5.0.202011040924/tools/bin/../lib/gcc/arm-none-eabi/9.3.1/thumb/v7e-m+fp/hard\libgcc.a(_dvmd_tls.o)
 .ARM.attributes
                0x00000000000007fc       0x1e c:/st/stm32cubeide_1.6.1/stm32cubeide/plugins/com.st.stm32cube.ide.mcu.externaltools.gnu-tools-for-stm32.9-2020-q2-update.win32_1.5.0.202011040924/tools/bin/../lib/gcc/arm-none-eabi/9.3.1/thumb/v7e-m+fp/hard/crtn.o
OUTPUT(test.elf elf32-littlearm)
LOAD linker stubs
LOAD c:/st/stm32cubeide_1.6.1/stm32cubeide/plugins/com.st.stm32cube.ide.mcu.externaltools.gnu-tools-for-stm32.9-2020-q2-update.win32_1.5.0.202011040924/tools/bin/../lib/gcc/arm-none-eabi/9.3.1/../../../../arm-none-eabi/lib/thumb/v7e-m+fp/hard\libc.a
LOAD c:/st/stm32cubeide_1.6.1/stm32cubeide/plugins/com.st.stm32cube.ide.mcu.externaltools.gnu-tools-for-stm32.9-2020-q2-update.win32_1.5.0.202011040924/tools/bin/../lib/gcc/arm-none-eabi/9.3.1/../../../../arm-none-eabi/lib/thumb/v7e-m+fp/hard\libm.a
LOAD c:/st/stm32cubeide_1.6.1/stm32cubeide/plugins/com.st.stm32cube.ide.mcu.externaltools.gnu-tools-for-stm32.9-2020-q2-update.win32_1.5.0.202011040924/tools/bin/../lib/gcc/arm-none-eabi/9.3.1/thumb/v7e-m+fp/hard\libgcc.a

.debug_info     0x0000000000000000     0xfabc
 .debug_info    0x0000000000000000     0x2321 Core/Src/main.o
 .debug_info    0x0000000000002321      0x86b Core/Src/socket.o
 .debug_info    0x0000000000002b8c     0x1105 Core/Src/stm32g4xx_hal_msp.o
 .debug_info    0x0000000000003c91      0x36b Core/Src/stm32g4xx_it.o
 .debug_info    0x0000000000003ffc      0xa25 Core/Src/sysmem.o
 .debug_info    0x0000000000004a21      0x757 Core/Src/system_stm32g4xx.o
 .debug_info    0x0000000000005178      0x586 Core/Src/w5500.o
 .debug_info    0x00000000000056fe      0xccd Core/Src/wizchip_conf.o
 .debug_info    0x00000000000063cb       0x22 Core/Startup/startup_stm32g474retx.o
 .debug_info    0x00000000000063ed      0xd3c Drivers/STM32G4xx_HAL_Driver/Src/stm32g4xx_hal.o
 .debug_info    0x0000000000007129     0x1071 Drivers/STM32G4xx_HAL_Driver/Src/stm32g4xx_hal_cortex.o
 .debug_info    0x000000000000819a      0xa3a Drivers/STM32G4xx_HAL_Driver/Src/stm32g4xx_hal_gpio.o
 .debug_info    0x0000000000008bd4      0xb79 Drivers/STM32G4xx_HAL_Driver/Src/stm32g4xx_hal_pwr_ex.o
 .debug_info    0x000000000000974d      0xe04 Drivers/STM32G4xx_HAL_Driver/Src/stm32g4xx_hal_rcc.o
 .debug_info    0x000000000000a551      0xed3 Drivers/STM32G4xx_HAL_Driver/Src/stm32g4xx_hal_rcc_ex.o
 .debug_info    0x000000000000b424     0x19fc Drivers/STM32G4xx_HAL_Driver/Src/stm32g4xx_hal_spi.o
 .debug_info    0x000000000000ce20     0x1dae Drivers/STM32G4xx_HAL_Driver/Src/stm32g4xx_hal_uart.o
 .debug_info    0x000000000000ebce      0xeee Drivers/STM32G4xx_HAL_Driver/Src/stm32g4xx_hal_uart_ex.o

.debug_abbrev   0x0000000000000000     0x251a
 .debug_abbrev  0x0000000000000000      0x34d Core/Src/main.o
 .debug_abbrev  0x000000000000034d      0x24e Core/Src/socket.o
 .debug_abbrev  0x000000000000059b      0x1ac Core/Src/stm32g4xx_hal_msp.o
 .debug_abbrev  0x0000000000000747       0xf2 Core/Src/stm32g4xx_it.o
 .debug_abbrev  0x0000000000000839      0x1bf Core/Src/sysmem.o
 .debug_abbrev  0x00000000000009f8      0x165 Core/Src/system_stm32g4xx.o
 .debug_abbrev  0x0000000000000b5d      0x211 Core/Src/w5500.o
 .debug_abbrev  0x0000000000000d6e      0x2de Core/Src/wizchip_conf.o
 .debug_abbrev  0x000000000000104c       0x12 Core/Startup/startup_stm32g474retx.o
 .debug_abbrev  0x000000000000105e      0x227 Drivers/STM32G4xx_HAL_Driver/Src/stm32g4xx_hal.o
 .debug_abbrev  0x0000000000001285      0x333 Drivers/STM32G4xx_HAL_Driver/Src/stm32g4xx_hal_cortex.o
 .debug_abbrev  0x00000000000015b8      0x1e8 Drivers/STM32G4xx_HAL_Driver/Src/stm32g4xx_hal_gpio.o
 .debug_abbrev  0x00000000000017a0      0x229 Drivers/STM32G4xx_HAL_Driver/Src/stm32g4xx_hal_pwr_ex.o
 .debug_abbrev  0x00000000000019c9      0x275 Drivers/STM32G4xx_HAL_Driver/Src/stm32g4xx_hal_rcc.o
 .debug_abbrev  0x0000000000001c3e      0x230 Drivers/STM32G4xx_HAL_Driver/Src/stm32g4xx_hal_rcc_ex.o
 .debug_abbrev  0x0000000000001e6e      0x254 Drivers/STM32G4xx_HAL_Driver/Src/stm32g4xx_hal_spi.o
 .debug_abbrev  0x00000000000020c2      0x24e Drivers/STM32G4xx_HAL_Driver/Src/stm32g4xx_hal_uart.o
 .debug_abbrev  0x0000000000002310      0x20a Drivers/STM32G4xx_HAL_Driver/Src/stm32g4xx_hal_uart_ex.o

.debug_aranges  0x0000000000000000      0xd80
 .debug_aranges
                0x0000000000000000       0x70 Core/Src/main.o
 .debug_aranges
                0x0000000000000070       0x78 Core/Src/socket.o
 .debug_aranges
                0x00000000000000e8       0x40 Core/Src/stm32g4xx_hal_msp.o
 .debug_aranges
                0x0000000000000128       0x68 Core/Src/stm32g4xx_it.o
 .debug_aranges
                0x0000000000000190       0x20 Core/Src/sysmem.o
 .debug_aranges
                0x00000000000001b0       0x28 Core/Src/system_stm32g4xx.o
 .debug_aranges
                0x00000000000001d8       0x60 Core/Src/w5500.o
 .debug_aranges
                0x0000000000000238      0x138 Core/Src/wizchip_conf.o
 .debug_aranges
                0x0000000000000370       0x28 Core/Startup/startup_stm32g474retx.o
 .debug_aranges
                0x0000000000000398      0x130 Drivers/STM32G4xx_HAL_Driver/Src/stm32g4xx_hal.o
 .debug_aranges
                0x00000000000004c8      0x118 Drivers/STM32G4xx_HAL_Driver/Src/stm32g4xx_hal_cortex.o
 .debug_aranges
                0x00000000000005e0       0x58 Drivers/STM32G4xx_HAL_Driver/Src/stm32g4xx_hal_gpio.o
 .debug_aranges
                0x0000000000000638      0x140 Drivers/STM32G4xx_HAL_Driver/Src/stm32g4xx_hal_pwr_ex.o
 .debug_aranges
                0x0000000000000778       0x98 Drivers/STM32G4xx_HAL_Driver/Src/stm32g4xx_hal_rcc.o
 .debug_aranges
                0x0000000000000810       0xb0 Drivers/STM32G4xx_HAL_Driver/Src/stm32g4xx_hal_rcc_ex.o
 .debug_aranges
                0x00000000000008c0      0x1d8 Drivers/STM32G4xx_HAL_Driver/Src/stm32g4xx_hal_spi.o
 .debug_aranges
                0x0000000000000a98      0x248 Drivers/STM32G4xx_HAL_Driver/Src/stm32g4xx_hal_uart.o
 .debug_aranges
                0x0000000000000ce0       0xa0 Drivers/STM32G4xx_HAL_Driver/Src/stm32g4xx_hal_uart_ex.o

.debug_ranges   0x0000000000000000      0xcb0
 .debug_ranges  0x0000000000000000       0x60 Core/Src/main.o
 .debug_ranges  0x0000000000000060       0x80 Core/Src/socket.o
 .debug_ranges  0x00000000000000e0       0x30 Core/Src/stm32g4xx_hal_msp.o
 .debug_ranges  0x0000000000000110       0x58 Core/Src/stm32g4xx_it.o
 .debug_ranges  0x0000000000000168       0x10 Core/Src/sysmem.o
 .debug_ranges  0x0000000000000178       0x18 Core/Src/system_stm32g4xx.o
 .debug_ranges  0x0000000000000190       0x50 Core/Src/w5500.o
 .debug_ranges  0x00000000000001e0      0x128 Core/Src/wizchip_conf.o
 .debug_ranges  0x0000000000000308       0x20 Core/Startup/startup_stm32g474retx.o
 .debug_ranges  0x0000000000000328      0x120 Drivers/STM32G4xx_HAL_Driver/Src/stm32g4xx_hal.o
 .debug_ranges  0x0000000000000448      0x108 Drivers/STM32G4xx_HAL_Driver/Src/stm32g4xx_hal_cortex.o
 .debug_ranges  0x0000000000000550       0x48 Drivers/STM32G4xx_HAL_Driver/Src/stm32g4xx_hal_gpio.o
 .debug_ranges  0x0000000000000598      0x130 Drivers/STM32G4xx_HAL_Driver/Src/stm32g4xx_hal_pwr_ex.o
 .debug_ranges  0x00000000000006c8       0x88 Drivers/STM32G4xx_HAL_Driver/Src/stm32g4xx_hal_rcc.o
 .debug_ranges  0x0000000000000750       0xa0 Drivers/STM32G4xx_HAL_Driver/Src/stm32g4xx_hal_rcc_ex.o
 .debug_ranges  0x00000000000007f0      0x1c8 Drivers/STM32G4xx_HAL_Driver/Src/stm32g4xx_hal_spi.o
 .debug_ranges  0x00000000000009b8      0x268 Drivers/STM32G4xx_HAL_Driver/Src/stm32g4xx_hal_uart.o
 .debug_ranges  0x0000000000000c20       0x90 Drivers/STM32G4xx_HAL_Driver/Src/stm32g4xx_hal_uart_ex.o

.debug_macro    0x0000000000000000    0x25895
 .debug_macro   0x0000000000000000      0x3f8 Core/Src/main.o
 .debug_macro   0x00000000000003f8      0xaa8 Core/Src/main.o
 .debug_macro   0x0000000000000ea0      0x15b Core/Src/main.o
 .debug_macro   0x0000000000000ffb       0x2e Core/Src/main.o
 .debug_macro   0x0000000000001029       0x28 Core/Src/main.o
 .debug_macro   0x0000000000001051       0x22 Core/Src/main.o
 .debug_macro   0x0000000000001073       0x8e Core/Src/main.o
 .debug_macro   0x0000000000001101       0x51 Core/Src/main.o
 .debug_macro   0x0000000000001152      0x103 Core/Src/main.o
 .debug_macro   0x0000000000001255       0x6a Core/Src/main.o
 .debug_macro   0x00000000000012bf      0x1df Core/Src/main.o
 .debug_macro   0x000000000000149e       0x1c Core/Src/main.o
 .debug_macro   0x00000000000014ba       0x22 Core/Src/main.o
 .debug_macro   0x00000000000014dc      0x101 Core/Src/main.o
 .debug_macro   0x00000000000015dd     0x1011 Core/Src/main.o
 .debug_macro   0x00000000000025ee      0x11f Core/Src/main.o
 .debug_macro   0x000000000000270d    0x18596 Core/Src/main.o
 .debug_macro   0x000000000001aca3       0x43 Core/Src/main.o
 .debug_macro   0x000000000001ace6     0x34f4 Core/Src/main.o
 .debug_macro   0x000000000001e1da      0x174 Core/Src/main.o
 .debug_macro   0x000000000001e34e       0x5c Core/Src/main.o
 .debug_macro   0x000000000001e3aa     0x16e0 Core/Src/main.o
 .debug_macro   0x000000000001fa8a      0x600 Core/Src/main.o
 .debug_macro   0x000000000002008a      0x137 Core/Src/main.o
 .debug_macro   0x00000000000201c1      0x34b Core/Src/main.o
 .debug_macro   0x000000000002050c      0x53c Core/Src/main.o
 .debug_macro   0x0000000000020a48      0x18b Core/Src/main.o
 .debug_macro   0x0000000000020bd3       0x43 Core/Src/main.o
 .debug_macro   0x0000000000020c16      0x23d Core/Src/main.o
 .debug_macro   0x0000000000020e53      0x212 Core/Src/main.o
 .debug_macro   0x0000000000021065      0x45c Core/Src/main.o
 .debug_macro   0x00000000000214c1      0x11c Core/Src/main.o
 .debug_macro   0x00000000000215dd      0x122 Core/Src/main.o
 .debug_macro   0x00000000000216ff      0x3d1 Core/Src/main.o
 .debug_macro   0x0000000000021ad0      0x2fe Core/Src/main.o
 .debug_macro   0x0000000000021dce      0x67e Core/Src/main.o
 .debug_macro   0x000000000002244c       0xa6 Core/Src/main.o
 .debug_macro   0x00000000000224f2      0x359 Core/Src/main.o
 .debug_macro   0x000000000002284b       0x5e Core/Src/main.o
 .debug_macro   0x00000000000228a9       0x6c Core/Src/main.o
 .debug_macro   0x0000000000022915      0x5e7 Core/Src/main.o
 .debug_macro   0x0000000000022efc       0x66 Core/Src/main.o
 .debug_macro   0x0000000000022f62       0xde Core/Src/main.o
 .debug_macro   0x0000000000023040       0x52 Core/Src/main.o
 .debug_macro   0x0000000000023092       0x18 Core/Src/main.o
 .debug_macro   0x00000000000230aa       0x3c Core/Src/main.o
 .debug_macro   0x00000000000230e6       0x34 Core/Src/main.o
 .debug_macro   0x000000000002311a       0x16 Core/Src/main.o
 .debug_macro   0x0000000000023130       0x43 Core/Src/main.o
 .debug_macro   0x0000000000023173       0x34 Core/Src/main.o
 .debug_macro   0x00000000000231a7       0x10 Core/Src/main.o
 .debug_macro   0x00000000000231b7       0x58 Core/Src/main.o
 .debug_macro   0x000000000002320f       0x71 Core/Src/main.o
 .debug_macro   0x0000000000023280       0x1c Core/Src/main.o
 .debug_macro   0x000000000002329c      0x12a Core/Src/main.o
 .debug_macro   0x00000000000233c6      0x333 Core/Src/main.o
 .debug_macro   0x00000000000236f9       0x10 Core/Src/main.o
 .debug_macro   0x0000000000023709       0x35 Core/Src/main.o
 .debug_macro   0x000000000002373e       0x20 Core/Src/main.o
 .debug_macro   0x000000000002375e       0x1c Core/Src/main.o
 .debug_macro   0x000000000002377a       0x10 Core/Src/main.o
 .debug_macro   0x000000000002378a       0x10 Core/Src/main.o
 .debug_macro   0x000000000002379a       0x1c Core/Src/main.o
 .debug_macro   0x00000000000237b6       0x52 Core/Src/main.o
 .debug_macro   0x0000000000023808       0x22 Core/Src/main.o
 .debug_macro   0x000000000002382a       0x10 Core/Src/main.o
 .debug_macro   0x000000000002383a       0x40 Core/Src/main.o
 .debug_macro   0x000000000002387a       0xd5 Core/Src/main.o
 .debug_macro   0x000000000002394f       0x1c Core/Src/main.o
 .debug_macro   0x000000000002396b       0x3d Core/Src/main.o
 .debug_macro   0x00000000000239a8       0x16 Core/Src/main.o
 .debug_macro   0x00000000000239be      0x145 Core/Src/main.o
 .debug_macro   0x0000000000023b03       0xb8 Core/Src/socket.o
 .debug_macro   0x0000000000023bbb       0x66 Core/Src/socket.o
 .debug_macro   0x0000000000023c21       0xd8 Core/Src/socket.o
 .debug_macro   0x0000000000023cf9      0x1de Core/Src/stm32g4xx_hal_msp.o
 .debug_macro   0x0000000000023ed7      0x1e8 Core/Src/stm32g4xx_it.o
 .debug_macro   0x00000000000240bf       0xff Core/Src/sysmem.o
 .debug_macro   0x00000000000241be      0x23b Core/Src/sysmem.o
 .debug_macro   0x00000000000243f9      0x1cf Core/Src/system_stm32g4xx.o
 .debug_macro   0x00000000000245c8       0x9d Core/Src/w5500.o
 .debug_macro   0x0000000000024665       0x94 Core/Src/wizchip_conf.o
 .debug_macro   0x00000000000246f9      0x21d Drivers/STM32G4xx_HAL_Driver/Src/stm32g4xx_hal.o
 .debug_macro   0x0000000000024916      0x1cf Drivers/STM32G4xx_HAL_Driver/Src/stm32g4xx_hal_cortex.o
 .debug_macro   0x0000000000024ae5      0x207 Drivers/STM32G4xx_HAL_Driver/Src/stm32g4xx_hal_gpio.o
 .debug_macro   0x0000000000024cec      0x1f9 Drivers/STM32G4xx_HAL_Driver/Src/stm32g4xx_hal_pwr_ex.o
 .debug_macro   0x0000000000024ee5      0x20b Drivers/STM32G4xx_HAL_Driver/Src/stm32g4xx_hal_rcc.o
 .debug_macro   0x00000000000250f0      0x1f9 Drivers/STM32G4xx_HAL_Driver/Src/stm32g4xx_hal_rcc_ex.o
 .debug_macro   0x00000000000252e9      0x1d7 Drivers/STM32G4xx_HAL_Driver/Src/stm32g4xx_hal_spi.o
 .debug_macro   0x00000000000254c0      0x1fa Drivers/STM32G4xx_HAL_Driver/Src/stm32g4xx_hal_uart.o
 .debug_macro   0x00000000000256ba      0x1db Drivers/STM32G4xx_HAL_Driver/Src/stm32g4xx_hal_uart_ex.o

.debug_line     0x0000000000000000     0xe2de
 .debug_line    0x0000000000000000      0xbea Core/Src/main.o
 .debug_line    0x0000000000000bea      0xd3e Core/Src/socket.o
 .debug_line    0x0000000000001928      0x7af Core/Src/stm32g4xx_hal_msp.o
 .debug_line    0x00000000000020d7      0x7bc Core/Src/stm32g4xx_it.o
 .debug_line    0x0000000000002893      0x4f8 Core/Src/sysmem.o
 .debug_line    0x0000000000002d8b      0x74b Core/Src/system_stm32g4xx.o
 .debug_line    0x00000000000034d6      0x6ca Core/Src/w5500.o
 .debug_line    0x0000000000003ba0      0xac2 Core/Src/wizchip_conf.o
 .debug_line    0x0000000000004662       0x89 Core/Startup/startup_stm32g474retx.o
 .debug_line    0x00000000000046eb      0xac2 Drivers/STM32G4xx_HAL_Driver/Src/stm32g4xx_hal.o
 .debug_line    0x00000000000051ad      0xc75 Drivers/STM32G4xx_HAL_Driver/Src/stm32g4xx_hal_cortex.o
 .debug_line    0x0000000000005e22      0xb0f Drivers/STM32G4xx_HAL_Driver/Src/stm32g4xx_hal_gpio.o
 .debug_line    0x0000000000006931      0xc6d Drivers/STM32G4xx_HAL_Driver/Src/stm32g4xx_hal_pwr_ex.o
 .debug_line    0x000000000000759e      0xec2 Drivers/STM32G4xx_HAL_Driver/Src/stm32g4xx_hal_rcc.o
 .debug_line    0x0000000000008460     0x11e5 Drivers/STM32G4xx_HAL_Driver/Src/stm32g4xx_hal_rcc_ex.o
 .debug_line    0x0000000000009645     0x1efb Drivers/STM32G4xx_HAL_Driver/Src/stm32g4xx_hal_spi.o
 .debug_line    0x000000000000b540     0x2121 Drivers/STM32G4xx_HAL_Driver/Src/stm32g4xx_hal_uart.o
 .debug_line    0x000000000000d661      0xc7d Drivers/STM32G4xx_HAL_Driver/Src/stm32g4xx_hal_uart_ex.o

.debug_str      0x0000000000000000    0xed37d
 .debug_str     0x0000000000000000    0xe9877 Core/Src/main.o
                                      0xe9c9f (size before relaxing)
 .debug_str     0x00000000000e9877      0x33c Core/Src/socket.o
                                       0x7078 (size before relaxing)
 .debug_str     0x00000000000e9bb3       0x7d Core/Src/stm32g4xx_hal_msp.o
                                      0xe1aa2 (size before relaxing)
 .debug_str     0x00000000000e9c30       0xd2 Core/Src/stm32g4xx_it.o
                                      0xe12b7 (size before relaxing)
 .debug_str     0x00000000000e9d02      0x4e9 Core/Src/sysmem.o
                                       0x62a3 (size before relaxing)
 .debug_str     0x00000000000ea1eb       0xaf Core/Src/system_stm32g4xx.o
                                      0xe127e (size before relaxing)
 .debug_str     0x00000000000ea29a      0x132 Core/Src/w5500.o
                                       0x6a1a (size before relaxing)
 .debug_str     0x00000000000ea3cc      0x5f3 Core/Src/wizchip_conf.o
                                       0x7298 (size before relaxing)
 .debug_str     0x00000000000ea9bf       0x36 Core/Startup/startup_stm32g474retx.o
                                         0x74 (size before relaxing)
 .debug_str     0x00000000000ea9f5      0x591 Drivers/STM32G4xx_HAL_Driver/Src/stm32g4xx_hal.o
                                      0xe1f26 (size before relaxing)
 .debug_str     0x00000000000eaf86      0x389 Drivers/STM32G4xx_HAL_Driver/Src/stm32g4xx_hal_cortex.o
                                      0xe1c2e (size before relaxing)
 .debug_str     0x00000000000eb30f      0x21c Drivers/STM32G4xx_HAL_Driver/Src/stm32g4xx_hal_gpio.o
                                      0xe14ee (size before relaxing)
 .debug_str     0x00000000000eb52b      0x4d2 Drivers/STM32G4xx_HAL_Driver/Src/stm32g4xx_hal_pwr_ex.o
                                      0xe1774 (size before relaxing)
 .debug_str     0x00000000000eb9fd      0x3d1 Drivers/STM32G4xx_HAL_Driver/Src/stm32g4xx_hal_rcc.o
                                      0xe1820 (size before relaxing)
 .debug_str     0x00000000000ebdce      0x3f2 Drivers/STM32G4xx_HAL_Driver/Src/stm32g4xx_hal_rcc_ex.o
                                      0xe1962 (size before relaxing)
 .debug_str     0x00000000000ec1c0      0x58b Drivers/STM32G4xx_HAL_Driver/Src/stm32g4xx_hal_spi.o
                                      0xe1b41 (size before relaxing)
 .debug_str     0x00000000000ec74b      0x94d Drivers/STM32G4xx_HAL_Driver/Src/stm32g4xx_hal_uart.o
                                      0xe20d1 (size before relaxing)
 .debug_str     0x00000000000ed098      0x2e5 Drivers/STM32G4xx_HAL_Driver/Src/stm32g4xx_hal_uart_ex.o
                                      0xe1900 (size before relaxing)

.comment        0x0000000000000000       0x53
 .comment       0x0000000000000000       0x53 Core/Src/main.o
                                         0x54 (size before relaxing)
 .comment       0x0000000000000053       0x54 Core/Src/socket.o
 .comment       0x0000000000000053       0x54 Core/Src/stm32g4xx_hal_msp.o
 .comment       0x0000000000000053       0x54 Core/Src/stm32g4xx_it.o
 .comment       0x0000000000000053       0x54 Core/Src/sysmem.o
 .comment       0x0000000000000053       0x54 Core/Src/system_stm32g4xx.o
 .comment       0x0000000000000053       0x54 Core/Src/w5500.o
 .comment       0x0000000000000053       0x54 Core/Src/wizchip_conf.o
 .comment       0x0000000000000053       0x54 Drivers/STM32G4xx_HAL_Driver/Src/stm32g4xx_hal.o
 .comment       0x0000000000000053       0x54 Drivers/STM32G4xx_HAL_Driver/Src/stm32g4xx_hal_cortex.o
 .comment       0x0000000000000053       0x54 Drivers/STM32G4xx_HAL_Driver/Src/stm32g4xx_hal_gpio.o
 .comment       0x0000000000000053       0x54 Drivers/STM32G4xx_HAL_Driver/Src/stm32g4xx_hal_pwr_ex.o
 .comment       0x0000000000000053       0x54 Drivers/STM32G4xx_HAL_Driver/Src/stm32g4xx_hal_rcc.o
 .comment       0x0000000000000053       0x54 Drivers/STM32G4xx_HAL_Driver/Src/stm32g4xx_hal_rcc_ex.o
 .comment       0x0000000000000053       0x54 Drivers/STM32G4xx_HAL_Driver/Src/stm32g4xx_hal_spi.o
 .comment       0x0000000000000053       0x54 Drivers/STM32G4xx_HAL_Driver/Src/stm32g4xx_hal_uart.o
 .comment       0x0000000000000053       0x54 Drivers/STM32G4xx_HAL_Driver/Src/stm32g4xx_hal_uart_ex.o

.debug_frame    0x0000000000000000     0x3ad4
 .debug_frame   0x0000000000000000      0x16c Core/Src/main.o
 .debug_frame   0x000000000000016c      0x1d4 Core/Src/socket.o
 .debug_frame   0x0000000000000340       0xc4 Core/Src/stm32g4xx_hal_msp.o
 .debug_frame   0x0000000000000404      0x120 Core/Src/stm32g4xx_it.o
 .debug_frame   0x0000000000000524       0x34 Core/Src/sysmem.o
 .debug_frame   0x0000000000000558       0x58 Core/Src/system_stm32g4xx.o
 .debug_frame   0x00000000000005b0      0x16c Core/Src/w5500.o
 .debug_frame   0x000000000000071c      0x534 Core/Src/wizchip_conf.o
 .debug_frame   0x0000000000000c50      0x4a0 Drivers/STM32G4xx_HAL_Driver/Src/stm32g4xx_hal.o
 .debug_frame   0x00000000000010f0      0x498 Drivers/STM32G4xx_HAL_Driver/Src/stm32g4xx_hal_cortex.o
 .debug_frame   0x0000000000001588      0x14c Drivers/STM32G4xx_HAL_Driver/Src/stm32g4xx_hal_gpio.o
 .debug_frame   0x00000000000016d4      0x4fc Drivers/STM32G4xx_HAL_Driver/Src/stm32g4xx_hal_pwr_ex.o
 .debug_frame   0x0000000000001bd0      0x23c Drivers/STM32G4xx_HAL_Driver/Src/stm32g4xx_hal_rcc.o
 .debug_frame   0x0000000000001e0c      0x2ac Drivers/STM32G4xx_HAL_Driver/Src/stm32g4xx_hal_rcc_ex.o
 .debug_frame   0x00000000000020b8      0x860 Drivers/STM32G4xx_HAL_Driver/Src/stm32g4xx_hal_spi.o
 .debug_frame   0x0000000000002918      0xa7c Drivers/STM32G4xx_HAL_Driver/Src/stm32g4xx_hal_uart.o
 .debug_frame   0x0000000000003394      0x29c Drivers/STM32G4xx_HAL_Driver/Src/stm32g4xx_hal_uart_ex.o
 .debug_frame   0x0000000000003630       0x20 c:/st/stm32cubeide_1.6.1/stm32cubeide/plugins/com.st.stm32cube.ide.mcu.externaltools.gnu-tools-for-stm32.9-2020-q2-update.win32_1.5.0.202011040924/tools/bin/../lib/gcc/arm-none-eabi/9.3.1/../../../../arm-none-eabi/lib/thumb/v7e-m+fp/hard\libc_nano.a(lib_a-errno.o)
 .debug_frame   0x0000000000003650       0x2c c:/st/stm32cubeide_1.6.1/stm32cubeide/plugins/com.st.stm32cube.ide.mcu.externaltools.gnu-tools-for-stm32.9-2020-q2-update.win32_1.5.0.202011040924/tools/bin/../lib/gcc/arm-none-eabi/9.3.1/../../../../arm-none-eabi/lib/thumb/v7e-m+fp/hard\libc_nano.a(lib_a-init.o)
 .debug_frame   0x000000000000367c       0x20 c:/st/stm32cubeide_1.6.1/stm32cubeide/plugins/com.st.stm32cube.ide.mcu.externaltools.gnu-tools-for-stm32.9-2020-q2-update.win32_1.5.0.202011040924/tools/bin/../lib/gcc/arm-none-eabi/9.3.1/../../../../arm-none-eabi/lib/thumb/v7e-m+fp/hard\libc_nano.a(lib_a-memset.o)
 .debug_frame   0x000000000000369c       0x6c c:/st/stm32cubeide_1.6.1/stm32cubeide/plugins/com.st.stm32cube.ide.mcu.externaltools.gnu-tools-for-stm32.9-2020-q2-update.win32_1.5.0.202011040924/tools/bin/../lib/gcc/arm-none-eabi/9.3.1/../../../../arm-none-eabi/lib/thumb/v7e-m+fp/hard\libc_nano.a(lib_a-sprintf.o)
 .debug_frame   0x0000000000003708       0x90 c:/st/stm32cubeide_1.6.1/stm32cubeide/plugins/com.st.stm32cube.ide.mcu.externaltools.gnu-tools-for-stm32.9-2020-q2-update.win32_1.5.0.202011040924/tools/bin/../lib/gcc/arm-none-eabi/9.3.1/../../../../arm-none-eabi/lib/thumb/v7e-m+fp/hard\libc_nano.a(lib_a-nano-svfprintf.o)
 .debug_frame   0x0000000000003798       0x60 c:/st/stm32cubeide_1.6.1/stm32cubeide/plugins/com.st.stm32cube.ide.mcu.externaltools.gnu-tools-for-stm32.9-2020-q2-update.win32_1.5.0.202011040924/tools/bin/../lib/gcc/arm-none-eabi/9.3.1/../../../../arm-none-eabi/lib/thumb/v7e-m+fp/hard\libc_nano.a(lib_a-nano-vfprintf_i.o)
 .debug_frame   0x00000000000037f8       0x28 c:/st/stm32cubeide_1.6.1/stm32cubeide/plugins/com.st.stm32cube.ide.mcu.externaltools.gnu-tools-for-stm32.9-2020-q2-update.win32_1.5.0.202011040924/tools/bin/../lib/gcc/arm-none-eabi/9.3.1/../../../../arm-none-eabi/lib/thumb/v7e-m+fp/hard\libc_nano.a(lib_a-memcpy-stub.o)
 .debug_frame   0x0000000000003820       0x28 c:/st/stm32cubeide_1.6.1/stm32cubeide/plugins/com.st.stm32cube.ide.mcu.externaltools.gnu-tools-for-stm32.9-2020-q2-update.win32_1.5.0.202011040924/tools/bin/../lib/gcc/arm-none-eabi/9.3.1/../../../../arm-none-eabi/lib/thumb/v7e-m+fp/hard\libc_nano.a(lib_a-memmove.o)
 .debug_frame   0x0000000000003848       0x38 c:/st/stm32cubeide_1.6.1/stm32cubeide/plugins/com.st.stm32cube.ide.mcu.externaltools.gnu-tools-for-stm32.9-2020-q2-update.win32_1.5.0.202011040924/tools/bin/../lib/gcc/arm-none-eabi/9.3.1/../../../../arm-none-eabi/lib/thumb/v7e-m+fp/hard\libc_nano.a(lib_a-nano-freer.o)
 .debug_frame   0x0000000000003880       0x30 c:/st/stm32cubeide_1.6.1/stm32cubeide/plugins/com.st.stm32cube.ide.mcu.externaltools.gnu-tools-for-stm32.9-2020-q2-update.win32_1.5.0.202011040924/tools/bin/../lib/gcc/arm-none-eabi/9.3.1/../../../../arm-none-eabi/lib/thumb/v7e-m+fp/hard\libc_nano.a(lib_a-nano-mallocr.o)
 .debug_frame   0x00000000000038b0       0x3c c:/st/stm32cubeide_1.6.1/stm32cubeide/plugins/com.st.stm32cube.ide.mcu.externaltools.gnu-tools-for-stm32.9-2020-q2-update.win32_1.5.0.202011040924/tools/bin/../lib/gcc/arm-none-eabi/9.3.1/../../../../arm-none-eabi/lib/thumb/v7e-m+fp/hard\libc_nano.a(lib_a-nano-reallocr.o)
 .debug_frame   0x00000000000038ec       0x2c c:/st/stm32cubeide_1.6.1/stm32cubeide/plugins/com.st.stm32cube.ide.mcu.externaltools.gnu-tools-for-stm32.9-2020-q2-update.win32_1.5.0.202011040924/tools/bin/../lib/gcc/arm-none-eabi/9.3.1/../../../../arm-none-eabi/lib/thumb/v7e-m+fp/hard\libc_nano.a(lib_a-sbrkr.o)
 .debug_frame   0x0000000000003918       0x30 c:/st/stm32cubeide_1.6.1/stm32cubeide/plugins/com.st.stm32cube.ide.mcu.externaltools.gnu-tools-for-stm32.9-2020-q2-update.win32_1.5.0.202011040924/tools/bin/../lib/gcc/arm-none-eabi/9.3.1/../../../../arm-none-eabi/lib/thumb/v7e-m+fp/hard\libc_nano.a(lib_a-mlock.o)
 .debug_frame   0x0000000000003948       0x20 c:/st/stm32cubeide_1.6.1/stm32cubeide/plugins/com.st.stm32cube.ide.mcu.externaltools.gnu-tools-for-stm32.9-2020-q2-update.win32_1.5.0.202011040924/tools/bin/../lib/gcc/arm-none-eabi/9.3.1/../../../../arm-none-eabi/lib/thumb/v7e-m+fp/hard\libc_nano.a(lib_a-nano-msizer.o)
 .debug_frame   0x0000000000003968       0x5c c:/st/stm32cubeide_1.6.1/stm32cubeide/plugins/com.st.stm32cube.ide.mcu.externaltools.gnu-tools-for-stm32.9-2020-q2-update.win32_1.5.0.202011040924/tools/bin/../lib/gcc/arm-none-eabi/9.3.1/../../../../arm-none-eabi/lib/thumb/v7e-m+fp/hard\libc_nano.a(lib_a-reent.o)
 .debug_frame   0x00000000000039c4       0xb0 c:/st/stm32cubeide_1.6.1/stm32cubeide/plugins/com.st.stm32cube.ide.mcu.externaltools.gnu-tools-for-stm32.9-2020-q2-update.win32_1.5.0.202011040924/tools/bin/../lib/gcc/arm-none-eabi/9.3.1/../../../../arm-none-eabi/lib/thumb/v7e-m+fp/hard\libc_nano.a(lib_a-lock.o)
 .debug_frame   0x0000000000003a74       0x2c c:/st/stm32cubeide_1.6.1/stm32cubeide/plugins/com.st.stm32cube.ide.mcu.externaltools.gnu-tools-for-stm32.9-2020-q2-update.win32_1.5.0.202011040924/tools/bin/../lib/gcc/arm-none-eabi/9.3.1/thumb/v7e-m+fp/hard\libgcc.a(_aeabi_uldivmod.o)
 .debug_frame   0x0000000000003aa0       0x34 c:/st/stm32cubeide_1.6.1/stm32cubeide/plugins/com.st.stm32cube.ide.mcu.externaltools.gnu-tools-for-stm32.9-2020-q2-update.win32_1.5.0.202011040924/tools/bin/../lib/gcc/arm-none-eabi/9.3.1/thumb/v7e-m+fp/hard\libgcc.a(_udivmoddi4.o)
